Archive member included to satisfy reference by file (symbol)

d:/mounriver/mounriver_studio/toolchain/risc-v embedded gcc/bin/../lib/gcc/riscv-none-embed/8.2.0/rv32imacxw/ilp32\libgcc.a(_divdi3.o)
                              ./rt-thread/components/libc/compilers/common/time.o (__divdi3)
d:/mounriver/mounriver_studio/toolchain/risc-v embedded gcc/bin/../lib/gcc/riscv-none-embed/8.2.0/rv32imacxw/ilp32\libgcc.a(_moddi3.o)
                              ./rt-thread/components/libc/compilers/common/time.o (__moddi3)
d:/mounriver/mounriver_studio/toolchain/risc-v embedded gcc/bin/../lib/gcc/riscv-none-embed/8.2.0/rv32imacxw/ilp32\libgcc.a(_udivdi3.o)
                              ./rt-thread/components/libc/compilers/common/time.o (__udivdi3)
d:/mounriver/mounriver_studio/toolchain/risc-v embedded gcc/bin/../lib/gcc/riscv-none-embed/8.2.0/rv32imacxw/ilp32\libgcc.a(save-restore.o)
                              ./rt-thread/src/ipc.o (__riscv_save_12)
d:/mounriver/mounriver_studio/toolchain/risc-v embedded gcc/bin/../lib/gcc/riscv-none-embed/8.2.0/rv32imacxw/ilp32\libgcc.a(_clz.o)
                              d:/mounriver/mounriver_studio/toolchain/risc-v embedded gcc/bin/../lib/gcc/riscv-none-embed/8.2.0/rv32imacxw/ilp32\libgcc.a(_divdi3.o) (__clz_tab)
d:/mounriver/mounriver_studio/toolchain/risc-v embedded gcc/bin/../lib/gcc/riscv-none-embed/8.2.0/../../../../riscv-none-embed/lib/rv32imacxw/ilp32\libg_nano.a(lib_a-atoi.o)
                              ./rt-thread/components/net/netdev/src/netdev.o (atoi)
d:/mounriver/mounriver_studio/toolchain/risc-v embedded gcc/bin/../lib/gcc/riscv-none-embed/8.2.0/../../../../riscv-none-embed/lib/rv32imacxw/ilp32\libg_nano.a(lib_a-fclose.o)
                              ./rt-thread/components/libc/compilers/newlib/stdio.o (fclose)
d:/mounriver/mounriver_studio/toolchain/risc-v embedded gcc/bin/../lib/gcc/riscv-none-embed/8.2.0/../../../../riscv-none-embed/lib/rv32imacxw/ilp32\libg_nano.a(lib_a-fflush.o)
                              d:/mounriver/mounriver_studio/toolchain/risc-v embedded gcc/bin/../lib/gcc/riscv-none-embed/8.2.0/../../../../riscv-none-embed/lib/rv32imacxw/ilp32\libg_nano.a(lib_a-fclose.o) (__sflush_r)
d:/mounriver/mounriver_studio/toolchain/risc-v embedded gcc/bin/../lib/gcc/riscv-none-embed/8.2.0/../../../../riscv-none-embed/lib/rv32imacxw/ilp32\libg_nano.a(lib_a-fileno.o)
                              ./rt-thread/components/libc/compilers/newlib/stdio.o (fileno)
d:/mounriver/mounriver_studio/toolchain/risc-v embedded gcc/bin/../lib/gcc/riscv-none-embed/8.2.0/../../../../riscv-none-embed/lib/rv32imacxw/ilp32\libg_nano.a(lib_a-findfp.o)
                              d:/mounriver/mounriver_studio/toolchain/risc-v embedded gcc/bin/../lib/gcc/riscv-none-embed/8.2.0/../../../../riscv-none-embed/lib/rv32imacxw/ilp32\libg_nano.a(lib_a-fclose.o) (__sinit)
d:/mounriver/mounriver_studio/toolchain/risc-v embedded gcc/bin/../lib/gcc/riscv-none-embed/8.2.0/../../../../riscv-none-embed/lib/rv32imacxw/ilp32\libg_nano.a(lib_a-fopen.o)
                              ./rt-thread/components/libc/compilers/newlib/stdio.o (fopen)
d:/mounriver/mounriver_studio/toolchain/risc-v embedded gcc/bin/../lib/gcc/riscv-none-embed/8.2.0/../../../../riscv-none-embed/lib/rv32imacxw/ilp32\libg_nano.a(lib_a-fseek.o)
                              d:/mounriver/mounriver_studio/toolchain/risc-v embedded gcc/bin/../lib/gcc/riscv-none-embed/8.2.0/../../../../riscv-none-embed/lib/rv32imacxw/ilp32\libg_nano.a(lib_a-fopen.o) (_fseek_r)
d:/mounriver/mounriver_studio/toolchain/risc-v embedded gcc/bin/../lib/gcc/riscv-none-embed/8.2.0/../../../../riscv-none-embed/lib/rv32imacxw/ilp32\libg_nano.a(lib_a-fseeko.o)
                              d:/mounriver/mounriver_studio/toolchain/risc-v embedded gcc/bin/../lib/gcc/riscv-none-embed/8.2.0/../../../../riscv-none-embed/lib/rv32imacxw/ilp32\libg_nano.a(lib_a-fseek.o) (_fseeko_r)
d:/mounriver/mounriver_studio/toolchain/risc-v embedded gcc/bin/../lib/gcc/riscv-none-embed/8.2.0/../../../../riscv-none-embed/lib/rv32imacxw/ilp32\libg_nano.a(lib_a-fwalk.o)
                              d:/mounriver/mounriver_studio/toolchain/risc-v embedded gcc/bin/../lib/gcc/riscv-none-embed/8.2.0/../../../../riscv-none-embed/lib/rv32imacxw/ilp32\libg_nano.a(lib_a-findfp.o) (_fwalk)
d:/mounriver/mounriver_studio/toolchain/risc-v embedded gcc/bin/../lib/gcc/riscv-none-embed/8.2.0/../../../../riscv-none-embed/lib/rv32imacxw/ilp32\libg_nano.a(lib_a-getchar.o)
                              ./rt-thread/components/finsh/shell.o (getchar)
d:/mounriver/mounriver_studio/toolchain/risc-v embedded gcc/bin/../lib/gcc/riscv-none-embed/8.2.0/../../../../riscv-none-embed/lib/rv32imacxw/ilp32\libg_nano.a(lib_a-impure.o)
                              ./rt-thread/components/libc/compilers/newlib/stdio.o (_global_impure_ptr)
d:/mounriver/mounriver_studio/toolchain/risc-v embedded gcc/bin/../lib/gcc/riscv-none-embed/8.2.0/../../../../riscv-none-embed/lib/rv32imacxw/ilp32\libg_nano.a(lib_a-locale.o)
[...]
Memory Configuration

Name             Origin             Length             Attributes
FLASH            0x0000000000000000 0x0000000000030000 xr
RAM              0x0000000020000000 0x0000000000020000 xrw
*default*        0x0000000000000000 0xffffffffffffffff

Linker script and memory map

LOAD ./rt-thread/src/clock.o
LOAD ./rt-thread/src/components.o
LOAD ./rt-thread/src/cpu.o
LOAD ./rt-thread/src/device.o
LOAD ./rt-thread/src/idle.o
LOAD ./rt-thread/src/ipc.o
LOAD ./rt-thread/src/irq.o
LOAD ./rt-thread/src/kservice.o
LOAD ./rt-thread/src/mem.o
LOAD ./rt-thread/src/memheap.o
LOAD ./rt-thread/src/mempool.o
LOAD ./rt-thread/src/object.o
LOAD ./rt-thread/src/scheduler.o
LOAD ./rt-thread/src/signal.o
LOAD ./rt-thread/src/slab.o
LOAD ./rt-thread/src/thread.o
LOAD ./rt-thread/src/timer.o
LOAD ./rt-thread/components/net/sal_socket/src/sal_socket.o
LOAD ./rt-thread/components/net/sal_socket/socket/net_netdb.o
LOAD ./rt-thread/components/net/sal_socket/socket/net_sockets.o
LOAD ./rt-thread/components/net/sal_socket/impl/af_inet_at.o
LOAD ./rt-thread/components/net/sal_socket/impl/proto_mbedtls.o
LOAD ./rt-thread/components/net/sal_socket/dfs_net/dfs_net.o
LOAD ./rt-thread/components/net/netdev/src/netdev.o
LOAD ./rt-thread/components/net/netdev/src/netdev_ipaddr.o
LOAD ./rt-thread/components/net/at/src/at_base_cmd.o
LOAD ./rt-thread/components/net/at/src/at_cli.o
LOAD ./rt-thread/components/net/at/src/at_client.o
LOAD ./rt-thread/components/net/at/src/at_server.o
LOAD ./rt-thread/components/net/at/src/at_utils.o
LOAD ./rt-thread/components/net/at/at_socket/at_socket.o
LOAD ./rt-thread/components/libc/compilers/newlib/libc.o
LOAD ./rt-thread/components/libc/compilers/newlib/libc_syms.o
LOAD ./rt-thread/components/libc/compilers/newlib/stdio.o
LOAD ./rt-thread/components/libc/compilers/newlib/syscalls.o
LOAD ./rt-thread/components/libc/compilers/common/delay.o
LOAD ./rt-thread/components/libc/compilers/common/stdlib.o
LOAD ./rt-thread/components/libc/compilers/common/time.o
LOAD ./rt-thread/components/libc/compilers/common/unistd.o
LOAD ./rt-thread/components/finsh/cmd.o
LOAD ./rt-thread/components/finsh/finsh_compiler.o
LOAD ./rt-thread/components/finsh/finsh_error.o
LOAD ./rt-thread/components/finsh/finsh_heap.o
LOAD ./rt-thread/components/finsh/finsh_init.o
LOAD ./rt-thread/components/finsh/finsh_node.o
LOAD ./rt-thread/components/finsh/finsh_ops.o
LOAD ./rt-thread/components/finsh/finsh_parser.o
LOAD ./rt-thread/components/finsh/finsh_token.o
LOAD ./rt-thread/components/finsh/finsh_var.o
LOAD ./rt-thread/components/finsh/finsh_vm.o
LOAD ./rt-thread/components/finsh/msh.o
LOAD ./rt-thread/components/finsh/msh_file.o
LOAD ./rt-thread/components/finsh/shell.o
LOAD ./rt-thread/components/finsh/symbol.o
LOAD ./rt-thread/components/drivers/src/completion.o
LOAD ./rt-thread/components/drivers/src/dataqueue.o
LOAD ./rt-thread/components/drivers/src/pipe.o
LOAD ./rt-thread/components/drivers/src/ringblk_buf.o
LOAD ./rt-thread/components/drivers/src/ringbuffer.o
LOAD ./rt-thread/components/drivers/src/waitqueue.o
LOAD ./rt-thread/components/drivers/src/workqueue.o
LOAD ./rt-thread/components/drivers/serial/serial.o
LOAD ./rt-thread/components/drivers/misc/pin.o
LOAD ./rt-thread/components/dfs/src/dfs.o
LOAD ./rt-thread/components/dfs/src/dfs_file.o
LOAD ./rt-thread/components/dfs/src/dfs_fs.o
LOAD ./rt-thread/components/dfs/src/dfs_posix.o
LOAD ./rt-thread/components/dfs/src/poll.o
LOAD ./rt-thread/components/dfs/src/select.o
LOAD ./rt-thread/components/dfs/filesystems/devfs/devfs.o
LOAD ./packages/pahomqtt-v1.1.0/tests/mqtt_test.o
LOAD ./packages/pahomqtt-v1.1.0/samples/mqtt_sample.o
LOAD ./packages/pahomqtt-v1.1.0/MQTTPacket/src/MQTTConnectClient.o
LOAD ./packages/pahomqtt-v1.1.0/MQTTPacket/src/MQTTConnectServer.o
LOAD ./packages/pahomqtt-v1.1.0/MQTTPacket/src/MQTTDeserializePublish.o
LOAD ./packages/pahomqtt-v1.1.0/MQTTPacket/src/MQTTFormat.o
LOAD ./packages/pahomqtt-v1.1.0/MQTTPacket/src/MQTTPacket.o
LOAD ./packages/pahomqtt-v1.1.0/MQTTPacket/src/MQTTSerializePublish.o
LOAD ./packages/pahomqtt-v1.1.0/MQTTPacket/src/MQTTSubscribeClient.o
LOAD ./packages/pahomqtt-v1.1.0/MQTTPacket/src/MQTTSubscribeServer.o
LOAD ./packages/pahomqtt-v1.1.0/MQTTPacket/src/MQTTUnsubscribeClient.o
LOAD ./packages/pahomqtt-v1.1.0/MQTTPacket/src/MQTTUnsubscribeServer.o
LOAD ./packages/pahomqtt-v1.1.0/MQTTClient-RT/paho_mqtt_pipe.o
LOAD ./packages/button-v1.0.1/button.o
LOAD ./packages/at_device-latest/src/at_device.o
LOAD ./packages/at_device-latest/samples/at_sample_esp8266.o
LOAD ./packages/at_device-latest/class/esp8266/at_device_esp8266.o
LOAD ./packages/at_device-latest/class/esp8266/at_socket_esp8266.o
LOAD ./libraries/hal_libraries/ch32v307_hal/source/ch32v30x_adc.o
LOAD ./libraries/hal_libraries/ch32v307_hal/source/ch32v30x_bkp.o
LOAD ./libraries/hal_libraries/ch32v307_hal/source/ch32v30x_can.o
LOAD ./libraries/hal_libraries/ch32v307_hal/source/ch32v30x_crc.o
LOAD ./libraries/hal_libraries/ch32v307_hal/source/ch32v30x_dac.o
LOAD ./libraries/hal_libraries/ch32v307_hal/source/ch32v30x_dbgmcu.o
LOAD ./libraries/hal_libraries/ch32v307_hal/source/ch32v30x_dma.o
LOAD ./libraries/hal_libraries/ch32v307_hal/source/ch32v30x_dvp.o
LOAD ./libraries/hal_libraries/ch32v307_hal/source/ch32v30x_eth.o
LOAD ./libraries/hal_libraries/ch32v307_hal/source/ch32v30x_exti.o
LOAD ./libraries/hal_libraries/ch32v307_hal/source/ch32v30x_flash.o
LOAD ./libraries/hal_libraries/ch32v307_hal/source/ch32v30x_fsmc.o
LOAD ./libraries/hal_libraries/ch32v307_hal/source/ch32v30x_gpio.o
LOAD ./libraries/hal_libraries/ch32v307_hal/source/ch32v30x_i2c.o
LOAD ./libraries/hal_libraries/ch32v307_hal/source/ch32v30x_iwdg.o
LOAD ./libraries/hal_libraries/ch32v307_hal/source/ch32v30x_misc.o
LOAD ./libraries/hal_libraries/ch32v307_hal/source/ch32v30x_opa.o
LOAD ./libraries/hal_libraries/ch32v307_hal/source/ch32v30x_pwr.o
LOAD ./libraries/hal_libraries/ch32v307_hal/source/ch32v30x_rcc.o
LOAD ./libraries/hal_libraries/ch32v307_hal/source/ch32v30x_rng.o
LOAD ./libraries/hal_libraries/ch32v307_hal/source/ch32v30x_rtc.o
LOAD ./libraries/hal_libraries/ch32v307_hal/source/ch32v30x_sdio.o
LOAD ./libraries/hal_libraries/ch32v307_hal/source/ch32v30x_spi.o
LOAD ./libraries/hal_libraries/ch32v307_hal/source/ch32v30x_tim.o
LOAD ./libraries/hal_libraries/ch32v307_hal/source/ch32v30x_usart.o
LOAD ./libraries/hal_libraries/ch32v307_hal/source/ch32v30x_wwdg.o
LOAD ./libraries/hal_libraries/bmsis/source/ch32v30x_it.o
LOAD ./libraries/hal_libraries/bmsis/source/core_riscv.o
LOAD ./libraries/hal_libraries/bmsis/source/debug.o
LOAD ./libraries/hal_libraries/bmsis/source/startup_ch32v30x.o
LOAD ./libraries/hal_libraries/bmsis/source/system_ch32v30x.o
LOAD ./libraries/hal_drivers/drv_gpio.o
LOAD ./libraries/hal_drivers/drv_usart.o
LOAD ./libcpu/cpu/context_gcc.o
LOAD ./libcpu/cpu/cpuport.o
LOAD ./libcpu/cpu/interrupt_gcc.o
LOAD ./board/board.o
LOAD ./applications/key.o
LOAD ./applications/led.o
LOAD ./applications/main.o
LOAD ./applications/mqtt_task.o
LOAD d:/mounriver/mounriver_studio/toolchain/risc-v embedded gcc/bin/../lib/gcc/riscv-none-embed/8.2.0/../../../../riscv-none-embed/lib/rv32imacxw/ilp32\libm.a
LOAD d:/mounriver/mounriver_studio/toolchain/risc-v embedded gcc/bin/../lib/gcc/riscv-none-embed/8.2.0/rv32imacxw/ilp32\libgcc.a
LOAD d:/mounriver/mounriver_studio/toolchain/risc-v embedded gcc/bin/../lib/gcc/riscv-none-embed/8.2.0/../../../../riscv-none-embed/lib/rv32imacxw/ilp32\libg_nano.a
LOAD d:/mounriver/mounriver_studio/toolchain/risc-v embedded gcc/bin/../lib/gcc/riscv-none-embed/8.2.0/../../../../riscv-none-embed/lib/rv32imacxw/ilp32\libc_nano.a
LOAD d:/mounriver/mounriver_studio/toolchain/risc-v embedded gcc/bin/../lib/gcc/riscv-none-embed/8.2.0/rv32imacxw/ilp32\libgcc.a
START GROUP
LOAD d:/mounriver/mounriver_studio/toolchain/risc-v embedded gcc/bin/../lib/gcc/riscv-none-embed/8.2.0/rv32imacxw/ilp32\libgcc.a
LOAD d:/mounriver/mounriver_studio/toolchain/risc-v embedded gcc/bin/../lib/gcc/riscv-none-embed/8.2.0/../../../../riscv-none-embed/lib/rv32imacxw/ilp32\libc_nano.a
LOAD d:/mounriver/mounriver_studio/toolchain/risc-v embedded gcc/bin/../lib/gcc/riscv-none-embed/8.2.0/../../../../riscv-none-embed/lib/rv32imacxw/ilp32\libnosys.a
END GROUP
START GROUP
LOAD d:/mounriver/mounriver_studio/toolchain/risc-v embedded gcc/bin/../lib/gcc/riscv-none-embed/8.2.0/rv32imacxw/ilp32\libgcc.a
LOAD d:/mounriver/mounriver_studio/toolchain/risc-v embedded gcc/bin/../lib/gcc/riscv-none-embed/8.2.0/../../../../riscv-none-embed/lib/rv32imacxw/ilp32\libc_nano.a
LOAD d:/mounriver/mounriver_studio/toolchain/risc-v embedded gcc/bin/../lib/gcc/riscv-none-embed/8.2.0/../../../../riscv-none-embed/lib/rv32imacxw/ilp32\libnosys.a
END GROUP
                0x0000000000000800                __stack_size = 0x800
                [!provide]                        PROVIDE (_stack_size = __stack_size)

.init           0x0000000000000000       0x38
                0x0000000000000000                _sinit = .
                0x0000000000000000                . = ALIGN (0x4)
 *(SORT_NONE(.init))
 .init          0x0000000000000000       0x38 ./libraries/hal_libraries/bmsis/source/startup_ch32v30x.o
                0x0000000000000000                _start
                0x0000000000000038                . = ALIGN (0x4)
                0x0000000000000038                _einit = .

.vector         0x0000000000000038      0x1c8
 *(.vector)
 .vector        0x0000000000000038      0x1a0 ./libraries/hal_libraries/bmsis/source/startup_ch32v30x.o
                0x0000000000000200                . = ALIGN (0x40)
 *fill*         0x00000000000001d8       0x28 

.text           0x0000000000000200    0x1a294
                0x0000000000000200                . = ALIGN (0x4)
 *(.text)
 .text          0x0000000000000200       0xce ./libcpu/cpu/context_gcc.o
                0x0000000000000200                rt_hw_context_switch_to
                0x000000000000021c                rt_hw_context_switch
                0x0000000000000276                rt_hw_context_switch_exit
 *fill*         0x00000000000002ce        0x2 
 .text          0x00000000000002d0       0xe2 ./libcpu/cpu/interrupt_gcc.o
                0x00000000000002d0                SW_handler
 .text          0x00000000000003b2       0x60 d:/mounriver/mounriver_studio/toolchain/risc-v embedded gcc/bin/../lib/gcc/riscv-none-embed/8.2.0/rv32imacxw/ilp32\libgcc.a(save-restore.o)
                0x00000000000003b2                __riscv_save_12
                0x00000000000003ba                __riscv_save_9
                0x00000000000003ba                __riscv_save_11
                0x00000000000003ba                __riscv_save_10
                0x00000000000003ba                __riscv_save_8
                0x00000000000003c8                __riscv_save_4
                0x00000000000003c8                __riscv_save_6
                0x00000000000003c8                __riscv_save_5
                0x00000000000003c8                __riscv_save_7
                0x00000000000003e2                __riscv_save_3
                0x00000000000003e2                __riscv_save_2
                0x00000000000003e2                __riscv_save_1
                0x00000000000003e2                __riscv_save_0
                0x00000000000003ee                __riscv_restore_12
                0x00000000000003f2                __riscv_restore_11
                0x00000000000003f2                __riscv_restore_9
                0x00000000000003f2                __riscv_restore_10
                0x00000000000003f2                __riscv_restore_8
                0x00000000000003fc                __riscv_restore_5
                0x00000000000003fc                __riscv_restore_7
                0x00000000000003fc                __riscv_restore_6
                0x00000000000003fc                __riscv_restore_4
                0x0000000000000406                __riscv_restore_3
                0x0000000000000406                __riscv_restore_0
                0x0000000000000406                __riscv_restore_2
                0x0000000000000406                __riscv_restore_1
 .text          0x0000000000000412       0xa8 d:/mounriver/mounriver_studio/toolchain/risc-v embedded gcc/bin/../lib/gcc/riscv-none-embed/8.2.0/../../../../riscv-none-embed/lib/rv32imacxw/ilp32\libg_nano.a(lib_a-memset.o)
                0x0000000000000412                memset
 .text          0x00000000000004ba      0x11a d:/mounriver/mounriver_studio/toolchain/risc-v embedded gcc/bin/../lib/gcc/riscv-none-embed/8.2.0/../../../../riscv-none-embed/lib/rv32imacxw/ilp32\libg_nano.a(lib_a-strcmp.o)
                0x00000000000004ba                strcmp
 *(.text.*)
 .text.rt_tick_get
                0x00000000000005d4        0x6 ./rt-thread/src/clock.o
                0x00000000000005d4                rt_tick_get
 .text.rt_tick_increase
                0x00000000000005da       0x48 ./rt-thread/src/clock.o
                0x00000000000005da                rt_tick_increase
 .text.rt_tick_from_millisecond
                0x0000000000000622       0x28 ./rt-thread/src/clock.o
                0x0000000000000622                rt_tick_from_millisecond
 .text.rti_start
                0x000000000000064a        0x4 ./rt-thread/src/components.o
 .text.rti_end  0x000000000000064e        0x4 ./rt-thread/src/components.o
 .text.rti_board_start
                0x0000000000000652        0x4 ./rt-thread/src/components.o
 .text.rti_board_end
                0x0000000000000656        0x4 ./rt-thread/src/components.o
 .text.rt_components_board_init
                0x000000000000065a       0x3c ./rt-thread/src/components.o
                0x000000000000065a                rt_components_board_init
 .text.rt_components_init
                0x0000000000000696       0x48 ./rt-thread/src/components.o
                0x0000000000000696                rt_components_init
 .text.main_thread_entry
                0x00000000000006de        0xc ./rt-thread/src/components.o
                0x00000000000006de                main_thread_entry
 .text.rt_application_init
                0x00000000000006ea       0x46 ./rt-thread/src/components.o
                0x00000000000006ea                rt_application_init
 .text.rtthread_startup
                0x0000000000000730       0x28 ./rt-thread/src/components.o
                0x0000000000000730                rtthread_startup
 .text.entry    0x0000000000000758        0xa ./rt-thread/src/components.o
                0x0000000000000758                entry
 .text.rt_device_unregister
                0x0000000000000762       0x68 ./rt-thread/src/device.o
                0x0000000000000762                rt_device_unregister
 .text.rt_device_find
                0x00000000000007ca        0xc ./rt-thread/src/device.o
                0x00000000000007ca                rt_device_find
 .text.rt_device_register
                0x00000000000007d6       0x44 ./rt-thread/src/device.o
                0x00000000000007d6                rt_device_register
 .text.rt_device_open
                0x000000000000081a       0xd2 ./rt-thread/src/device.o
                0x000000000000081a                rt_device_open
 .text.rt_device_close
                0x00000000000008ec       0x6c ./rt-thread/src/device.o
                0x00000000000008ec                rt_device_close
 .text.rt_device_read
                0x0000000000000958       0x66 ./rt-thread/src/device.o
                0x0000000000000958                rt_device_read
 .text.rt_device_write
                0x00000000000009be       0x66 ./rt-thread/src/device.o
                0x00000000000009be                rt_device_write
 .text.rt_device_control
                0x0000000000000a24       0x56 ./rt-thread/src/device.o
                0x0000000000000a24                rt_device_control
 .text.rt_device_set_rx_indicate
                0x0000000000000a7a       0x4a ./rt-thread/src/device.o
                0x0000000000000a7a                rt_device_set_rx_indicate
 .text.rt_thread_defunct_enqueue
                0x0000000000000ac4       0x18 ./rt-thread/src/idle.o
                0x0000000000000ac4                rt_thread_defunct_enqueue
 .text.rt_thread_defunct_dequeue
                0x0000000000000adc       0x22 ./rt-thread/src/idle.o
                0x0000000000000adc                rt_thread_defunct_dequeue
 .text.rt_thread_idle_entry
                0x0000000000000afe       0xaa ./rt-thread/src/idle.o
 .text.rt_thread_idle_init
                0x0000000000000ba8       0x46 ./rt-thread/src/idle.o
                0x0000000000000ba8                rt_thread_idle_init
 .text.rt_ipc_list_resume_all
                0x0000000000000bee       0x2c ./rt-thread/src/ipc.o
 .text.rt_ipc_list_resume.isra.0
                0x0000000000000c1a       0x10 ./rt-thread/src/ipc.o
 .text.rt_ipc_list_suspend
                0x0000000000000c2a       0x72 ./rt-thread/src/ipc.o
 .text.rt_sem_init
                0x0000000000000c9c       0x5e ./rt-thread/src/ipc.o
                0x0000000000000c9c                rt_sem_init
 .text.rt_sem_detach
                0x0000000000000cfa       0x70 ./rt-thread/src/ipc.o
                0x0000000000000cfa                rt_sem_detach
 .text.rt_sem_create
                0x0000000000000d6a       0x7a ./rt-thread/src/ipc.o
                0x0000000000000d6a                rt_sem_create
 .text.rt_sem_delete
                0x0000000000000de4       0xa8 ./rt-thread/src/ipc.o
                0x0000000000000de4                rt_sem_delete
 .text.rt_sem_take
                0x0000000000000e8c      0x130 ./rt-thread/src/ipc.o
                0x0000000000000e8c                rt_sem_take
 .text.rt_sem_trytake
                0x0000000000000fbc        0xc ./rt-thread/src/ipc.o
                0x0000000000000fbc                rt_sem_trytake
 .text.rt_sem_release
                0x0000000000000fc8       0x94 ./rt-thread/src/ipc.o
                0x0000000000000fc8                rt_sem_release
 .text.rt_sem_control
                0x000000000000105c       0x6e ./rt-thread/src/ipc.o
                0x000000000000105c                rt_sem_control
 .text.rt_mutex_init
                0x00000000000010ca       0x48 ./rt-thread/src/ipc.o
                0x00000000000010ca                rt_mutex_init
 .text.rt_mutex_detach
                0x0000000000001112       0x72 ./rt-thread/src/ipc.o
                0x0000000000001112                rt_mutex_detach
 .text.rt_mutex_create
                0x0000000000001184       0x64 ./rt-thread/src/ipc.o
                0x0000000000001184                rt_mutex_create
 .text.rt_mutex_delete
                0x00000000000011e8       0xaa ./rt-thread/src/ipc.o
                0x00000000000011e8                rt_mutex_delete
 .text.rt_mutex_take
                0x0000000000001292      0x17a ./rt-thread/src/ipc.o
                0x0000000000001292                rt_mutex_take
 .text.rt_mutex_release
                0x000000000000140c      0x164 ./rt-thread/src/ipc.o
                0x000000000000140c                rt_mutex_release
 .text.rt_event_create
                0x0000000000001570       0x5a ./rt-thread/src/ipc.o
                0x0000000000001570                rt_event_create
 .text.rt_event_send
                0x00000000000015ca       0xda ./rt-thread/src/ipc.o
                0x00000000000015ca                rt_event_send
 .text.rt_event_recv
                0x00000000000016a4      0x1b8 ./rt-thread/src/ipc.o
                0x00000000000016a4                rt_event_recv
 .text.rt_interrupt_enter
                0x000000000000185c       0x2e ./rt-thread/src/irq.o
                0x000000000000185c                rt_interrupt_enter
 .text.rt_interrupt_leave
                0x000000000000188a       0x2e ./rt-thread/src/irq.o
                0x000000000000188a                rt_interrupt_leave
 .text.rt_interrupt_get_nest
                0x00000000000018b8       0x1a ./rt-thread/src/irq.o
                0x00000000000018b8                rt_interrupt_get_nest
 .text.print_number
                0x00000000000018d2      0x17e ./rt-thread/src/kservice.o
 .text.rt_set_errno
                0x0000000000001a50       0x1e ./rt-thread/src/kservice.o
                0x0000000000001a50                rt_set_errno
 .text._rt_errno
                0x0000000000001a6e       0x1e ./rt-thread/src/kservice.o
                0x0000000000001a6e                _rt_errno
 .text.rt_memset
                0x0000000000001a8c       0x88 ./rt-thread/src/kservice.o
                0x0000000000001a8c                rt_memset
 .text.rt_memcpy
                0x0000000000001b14       0xb2 ./rt-thread/src/kservice.o
                0x0000000000001b14                rt_memcpy
 .text.rt_memmove
                0x0000000000001bc6       0x48 ./rt-thread/src/kservice.o
                0x0000000000001bc6                rt_memmove
 .text.rt_memcmp
                0x0000000000001c0e       0x20 ./rt-thread/src/kservice.o
                0x0000000000001c0e                rt_memcmp
 .text.rt_strncpy
                0x0000000000001c2e       0x2c ./rt-thread/src/kservice.o
                0x0000000000001c2e                rt_strncpy
 .text.rt_strncmp
                0x0000000000001c5a       0x2a ./rt-thread/src/kservice.o
                0x0000000000001c5a                rt_strncmp
 .text.rt_strcmp
                0x0000000000001c84       0x1a ./rt-thread/src/kservice.o
                0x0000000000001c84                rt_strcmp
 .text.rt_strlen
                0x0000000000001c9e       0x12 ./rt-thread/src/kservice.o
                0x0000000000001c9e                rt_strlen
 .text.rt_strstr
                0x0000000000001cb0       0x38 ./rt-thread/src/kservice.o
                0x0000000000001cb0                rt_strstr
 .text.rt_strdup
                0x0000000000001ce8       0x28 ./rt-thread/src/kservice.o
                0x0000000000001ce8                rt_strdup
 .text.rt_vsnprintf
                0x0000000000001d10      0x346 ./rt-thread/src/kservice.o
                0x0000000000001d10                rt_vsnprintf
 .text.rt_snprintf
                0x0000000000002056       0x1c ./rt-thread/src/kservice.o
                0x0000000000002056                rt_snprintf
 .text.rt_vsprintf
                0x0000000000002072       0x12 ./rt-thread/src/kservice.o
                0x0000000000002072                rt_vsprintf
 .text.rt_sprintf
                0x0000000000002084       0x1c ./rt-thread/src/kservice.o
                0x0000000000002084                rt_sprintf
 .text.rt_console_get_device
                0x00000000000020a0        0x6 ./rt-thread/src/kservice.o
                0x00000000000020a0                rt_console_get_device
 .text.rt_console_set_device
                0x00000000000020a6       0x36 ./rt-thread/src/kservice.o
                0x00000000000020a6                rt_console_set_device
 .text.rt_hw_console_output
                0x00000000000020dc        0x2 ./rt-thread/src/kservice.o
                0x00000000000020dc                rt_hw_console_output
 .text.rt_kprintf
                0x00000000000020de       0x56 ./rt-thread/src/kservice.o
                0x00000000000020de                rt_kprintf
 .text.rt_show_version
                0x0000000000002134       0x3e ./rt-thread/src/kservice.o
                0x0000000000002134                rt_show_version
 .text.__rt_ffs
                0x0000000000002172       0x4e ./rt-thread/src/kservice.o
                0x0000000000002172                __rt_ffs
 .text.rt_assert_handler
                0x00000000000021c0       0x34 ./rt-thread/src/kservice.o
                0x00000000000021c0                rt_assert_handler
 .text.list_mem
                0x00000000000021f4       0x38 ./rt-thread/src/mem.o
                0x00000000000021f4                list_mem
 .text.plug_holes
                0x000000000000222c       0xbc ./rt-thread/src/mem.o
 .text.rt_system_heap_init
                0x00000000000022e8       0xbc ./rt-thread/src/mem.o
                0x00000000000022e8                rt_system_heap_init
 .text.rt_malloc
                0x00000000000023a4      0x1cc ./rt-thread/src/mem.o
                0x00000000000023a4                rt_malloc
 .text.rt_calloc
                0x0000000000002570       0x26 ./rt-thread/src/mem.o
                0x0000000000002570                rt_calloc
 .text.rt_free  0x0000000000002596      0x162 ./rt-thread/src/mem.o
                0x0000000000002596                rt_free
 .text.rt_realloc
                0x00000000000026f8      0x11c ./rt-thread/src/mem.o
                0x00000000000026f8                rt_realloc
 .text.rt_object_get_information
                0x0000000000002814       0x2a ./rt-thread/src/object.o
                0x0000000000002814                rt_object_get_information
 .text.rt_object_init
                0x000000000000283e       0x98 ./rt-thread/src/object.o
                0x000000000000283e                rt_object_init
 .text.rt_object_detach
                0x00000000000028d6       0x48 ./rt-thread/src/object.o
                0x00000000000028d6                rt_object_detach
 .text.rt_object_allocate
                0x000000000000291e       0xac ./rt-thread/src/object.o
                0x000000000000291e                rt_object_allocate
 .text.rt_object_delete
                0x00000000000029ca       0x6c ./rt-thread/src/object.o
                0x00000000000029ca                rt_object_delete
 .text.rt_object_is_systemobject
                0x0000000000002a36       0x28 ./rt-thread/src/object.o
                0x0000000000002a36                rt_object_is_systemobject
 .text.rt_object_get_type
                0x0000000000002a5e       0x28 ./rt-thread/src/object.o
                0x0000000000002a5e                rt_object_get_type
 .text.rt_object_find
                0x0000000000002a86       0x86 ./rt-thread/src/object.o
                0x0000000000002a86                rt_object_find
 .text.rt_system_scheduler_init
                0x0000000000002b0c       0x1c ./rt-thread/src/scheduler.o
                0x0000000000002b0c                rt_system_scheduler_init
 .text.rt_schedule_insert_thread
                0x0000000000002b28       0x72 ./rt-thread/src/scheduler.o
                0x0000000000002b28                rt_schedule_insert_thread
 .text.rt_schedule_remove_thread
                0x0000000000002b9a       0x5e ./rt-thread/src/scheduler.o
                0x0000000000002b9a                rt_schedule_remove_thread
 .text.rt_system_scheduler_start
                0x0000000000002bf8       0x38 ./rt-thread/src/scheduler.o
                0x0000000000002bf8                rt_system_scheduler_start
 .text.rt_schedule
                0x0000000000002c30       0xf0 ./rt-thread/src/scheduler.o
                0x0000000000002c30                rt_schedule
 .text.rt_enter_critical
                0x0000000000002d20       0x1a ./rt-thread/src/scheduler.o
                0x0000000000002d20                rt_enter_critical
 .text.rt_exit_critical
                0x0000000000002d3a       0x36 ./rt-thread/src/scheduler.o
                0x0000000000002d3a                rt_exit_critical
 .text._rt_thread_cleanup_execute
                0x0000000000002d70       0x1e ./rt-thread/src/thread.o
 .text._rt_thread_exit
                0x0000000000002d8e       0x50 ./rt-thread/src/thread.o
 .text._rt_thread_init.isra.0
                0x0000000000002dde       0xa6 ./rt-thread/src/thread.o
 .text.rt_thread_timeout
                0x0000000000002e84       0x90 ./rt-thread/src/thread.o
                0x0000000000002e84                rt_thread_timeout
 .text.rt_thread_init
                0x0000000000002f14       0x64 ./rt-thread/src/thread.o
                0x0000000000002f14                rt_thread_init
 .text.rt_thread_self
                0x0000000000002f78        0x6 ./rt-thread/src/thread.o
                0x0000000000002f78                rt_thread_self
 .text.rt_thread_detach
                0x0000000000002f7e       0xb0 ./rt-thread/src/thread.o
                0x0000000000002f7e                rt_thread_detach
 .text.rt_thread_create
                0x000000000000302e       0x48 ./rt-thread/src/thread.o
                0x000000000000302e                rt_thread_create
 .text.rt_thread_delete
                0x0000000000003076       0x9c ./rt-thread/src/thread.o
                0x0000000000003076                rt_thread_delete
 .text.rt_thread_suspend
                0x0000000000003112       0xae ./rt-thread/src/thread.o
                0x0000000000003112                rt_thread_suspend
 .text.rt_thread_sleep
                0x00000000000031c0       0x80 ./rt-thread/src/thread.o
                0x00000000000031c0                rt_thread_sleep
 .text.rt_thread_delay
                0x0000000000003240        0xc ./rt-thread/src/thread.o
                0x0000000000003240                rt_thread_delay
 .text.rt_thread_mdelay
                0x000000000000324c       0x10 ./rt-thread/src/thread.o
                0x000000000000324c                rt_thread_mdelay
 .text.rt_thread_resume
                0x000000000000325c       0x88 ./rt-thread/src/thread.o
                0x000000000000325c                rt_thread_resume
 .text.rt_thread_startup
                0x00000000000032e4       0x8a ./rt-thread/src/thread.o
                0x00000000000032e4                rt_thread_startup
 .text.rt_thread_control
                0x000000000000336e       0xca ./rt-thread/src/thread.o
                0x000000000000336e                rt_thread_control
 .text._rt_timer_remove.part.1
                0x0000000000003438       0x12 ./rt-thread/src/timer.o
 .text.rt_timer_init
                0x000000000000344a       0x52 ./rt-thread/src/timer.o
                0x000000000000344a                rt_timer_init
 .text.rt_timer_detach
                0x000000000000349c       0x82 ./rt-thread/src/timer.o
                0x000000000000349c                rt_timer_detach
 .text.rt_timer_create
                0x000000000000351e       0x3a ./rt-thread/src/timer.o
                0x000000000000351e                rt_timer_create
 .text.rt_timer_start
                0x0000000000003558       0xdc ./rt-thread/src/timer.o
                0x0000000000003558                rt_timer_start
 .text.rt_timer_stop
                0x0000000000003634       0x70 ./rt-thread/src/timer.o
                0x0000000000003634                rt_timer_stop
 .text.rt_timer_control
                0x00000000000036a4       0x94 ./rt-thread/src/timer.o
                0x00000000000036a4                rt_timer_control
 .text.rt_timer_check
                0x0000000000003738       0xb6 ./rt-thread/src/timer.o
                0x0000000000003738                rt_timer_check
 .text.rt_system_timer_init
                0x00000000000037ee        0xa ./rt-thread/src/timer.o
                0x00000000000037ee                rt_system_timer_init
 .text.rt_system_timer_thread_init
                0x00000000000037f8        0x2 ./rt-thread/src/timer.o
                0x00000000000037f8                rt_system_timer_thread_init
 .text.check_netdev_internet_up_work
                0x00000000000037fa      0x182 ./rt-thread/components/net/sal_socket/src/sal_socket.o
 .text.sal_init
                0x000000000000397c       0x94 ./rt-thread/components/net/sal_socket/src/sal_socket.o
                0x000000000000397c                sal_init
 .text.sal_lock
                0x0000000000003a10       0x2a ./rt-thread/components/net/sal_socket/src/sal_socket.o
 .text.socket_init
                0x0000000000003a3a       0x84 ./rt-thread/components/net/sal_socket/src/sal_socket.o
 .text.socket_new
                0x0000000000003abe       0xc2 ./rt-thread/components/net/sal_socket/src/sal_socket.o
 .text.sal_check_netdev_internet_up
                0x0000000000003b80       0x76 ./rt-thread/components/net/sal_socket/src/sal_socket.o
                0x0000000000003b80                sal_check_netdev_internet_up
 .text.sal_get_socket
                0x0000000000003bf6       0x50 ./rt-thread/components/net/sal_socket/src/sal_socket.o
                0x0000000000003bf6                sal_get_socket
 .text.socket_delete
                0x0000000000003c46       0x62 ./rt-thread/components/net/sal_socket/src/sal_socket.o
 .text.sal_setsockopt
                0x0000000000003ca8       0x3c ./rt-thread/components/net/sal_socket/src/sal_socket.o
                0x0000000000003ca8                sal_setsockopt
 .text.sal_connect
                0x0000000000003ce4       0x36 ./rt-thread/components/net/sal_socket/src/sal_socket.o
                0x0000000000003ce4                sal_connect
 .text.sal_recvfrom
                0x0000000000003d1a       0x54 ./rt-thread/components/net/sal_socket/src/sal_socket.o
                0x0000000000003d1a                sal_recvfrom
 .text.sal_sendto
                0x0000000000003d6e       0x54 ./rt-thread/components/net/sal_socket/src/sal_socket.o
                0x0000000000003d6e                sal_sendto
 .text.sal_socket
                0x0000000000003dc2       0x88 ./rt-thread/components/net/sal_socket/src/sal_socket.o
                0x0000000000003dc2                sal_socket
 .text.sal_closesocket
                0x0000000000003e4a       0x32 ./rt-thread/components/net/sal_socket/src/sal_socket.o
                0x0000000000003e4a                sal_closesocket
 .text.sal_ioctlsocket
                0x0000000000003e7c       0x30 ./rt-thread/components/net/sal_socket/src/sal_socket.o
                0x0000000000003e7c                sal_ioctlsocket
 .text.sal_poll
                0x0000000000003eac       0x34 ./rt-thread/components/net/sal_socket/src/sal_socket.o
                0x0000000000003eac                sal_poll
 .text.sal_getaddrinfo
                0x0000000000003ee0       0x92 ./rt-thread/components/net/sal_socket/src/sal_socket.o
                0x0000000000003ee0                sal_getaddrinfo
 .text.sal_freeaddrinfo
                0x0000000000003f72       0x58 ./rt-thread/components/net/sal_socket/src/sal_socket.o
                0x0000000000003f72                sal_freeaddrinfo
 .text.freeaddrinfo
                0x0000000000003fca        0xc ./rt-thread/components/net/sal_socket/socket/net_netdb.o
                0x0000000000003fca                freeaddrinfo
 .text.getaddrinfo
                0x0000000000003fd6        0xc ./rt-thread/components/net/sal_socket/socket/net_netdb.o
                0x0000000000003fd6                getaddrinfo
 .text.setsockopt
                0x0000000000003fe2       0x22 ./rt-thread/components/net/sal_socket/socket/net_sockets.o
                0x0000000000003fe2                setsockopt
 .text.connect  0x0000000000004004       0x1a ./rt-thread/components/net/sal_socket/socket/net_sockets.o
                0x0000000000004004                connect
 .text.recv     0x000000000000401e       0x22 ./rt-thread/components/net/sal_socket/socket/net_sockets.o
                0x000000000000401e                recv
 .text.send     0x0000000000004040       0x22 ./rt-thread/components/net/sal_socket/socket/net_sockets.o
                0x0000000000004040                send
 .text.socket   0x0000000000004062       0x76 ./rt-thread/components/net/sal_socket/socket/net_sockets.o
                0x0000000000004062                socket
 .text.closesocket
                0x00000000000040d8       0x4e ./rt-thread/components/net/sal_socket/socket/net_sockets.o
                0x00000000000040d8                closesocket
 .text.at_poll  0x0000000000004126       0x52 ./rt-thread/components/net/sal_socket/impl/af_inet_at.o
 .text.sal_at_netdev_set_pf_info
                0x0000000000004178       0x2c ./rt-thread/components/net/sal_socket/impl/af_inet_at.o
                0x0000000000004178                sal_at_netdev_set_pf_info
 .text.dfs_net_poll
                0x00000000000041a4        0xc ./rt-thread/components/net/sal_socket/dfs_net/dfs_net.o
 .text.dfs_net_write
                0x00000000000041b0       0x14 ./rt-thread/components/net/sal_socket/dfs_net/dfs_net.o
 .text.dfs_net_read
                0x00000000000041c4       0x14 ./rt-thread/components/net/sal_socket/dfs_net/dfs_net.o
 .text.dfs_net_ioctl
                0x00000000000041d8        0xe ./rt-thread/components/net/sal_socket/dfs_net/dfs_net.o
 .text.dfs_net_close
                0x00000000000041e6        0xe ./rt-thread/components/net/sal_socket/dfs_net/dfs_net.o
 .text.dfs_net_getsocket
                0x00000000000041f4       0x22 ./rt-thread/components/net/sal_socket/dfs_net/dfs_net.o
                0x00000000000041f4                dfs_net_getsocket
 .text.dfs_net_get_fops
                0x0000000000004216        0x8 ./rt-thread/components/net/sal_socket/dfs_net/dfs_net.o
                0x0000000000004216                dfs_net_get_fops
 .text.netdev_netstat
                0x000000000000421e       0x4c ./rt-thread/components/net/netdev/src/netdev.o
                0x000000000000421e                netdev_netstat
 .text.netdev_register
                0x000000000000426a       0xe6 ./rt-thread/components/net/netdev/src/netdev.o
                0x000000000000426a                netdev_register
 .text.netdev_get_first_by_flags
                0x0000000000004350       0x2c ./rt-thread/components/net/netdev/src/netdev.o
                0x0000000000004350                netdev_get_first_by_flags
 .text.netdev_get_by_name
                0x000000000000437c       0x4c ./rt-thread/components/net/netdev/src/netdev.o
                0x000000000000437c                netdev_get_by_name
 .text.netdev_get_by_family
                0x00000000000043c8       0x60 ./rt-thread/components/net/netdev/src/netdev.o
                0x00000000000043c8                netdev_get_by_family
 .text.netdev_family_get
                0x0000000000004428       0x26 ./rt-thread/components/net/netdev/src/netdev.o
                0x0000000000004428                netdev_family_get
 .text.netdev_set_default
                0x000000000000444e       0x18 ./rt-thread/components/net/netdev/src/netdev.o
                0x000000000000444e                netdev_set_default
 .text.netdev_auto_change_default
                0x0000000000004466       0x22 ./rt-thread/components/net/netdev/src/netdev.o
 .text.netdev_set_ipaddr
                0x0000000000004488       0x9c ./rt-thread/components/net/netdev/src/netdev.o
                0x0000000000004488                netdev_set_ipaddr
 .text.netdev_set_netmask
                0x0000000000004524       0x9c ./rt-thread/components/net/netdev/src/netdev.o
                0x0000000000004524                netdev_set_netmask
 .text.netdev_set_gw
                0x00000000000045c0       0x9c ./rt-thread/components/net/netdev/src/netdev.o
                0x00000000000045c0                netdev_set_gw
 .text.netdev_ifconfig
                0x000000000000465c      0x2dc ./rt-thread/components/net/netdev/src/netdev.o
                0x000000000000465c                netdev_ifconfig
 .text.netdev_set_dns_server
                0x0000000000004938       0xa2 ./rt-thread/components/net/netdev/src/netdev.o
                0x0000000000004938                netdev_set_dns_server
 .text.netdev_set_dns
                0x00000000000049da       0x4e ./rt-thread/components/net/netdev/src/netdev.o
 .text.netdev_dns
                0x0000000000004a28       0xbc ./rt-thread/components/net/netdev/src/netdev.o
                0x0000000000004a28                netdev_dns
 .text.netdev_low_level_set_ipaddr
                0x0000000000004ae4       0x4e ./rt-thread/components/net/netdev/src/netdev.o
                0x0000000000004ae4                netdev_low_level_set_ipaddr
 .text.netdev_low_level_set_netmask
                0x0000000000004b32       0x52 ./rt-thread/components/net/netdev/src/netdev.o
                0x0000000000004b32                netdev_low_level_set_netmask
 .text.netdev_low_level_set_gw
                0x0000000000004b84       0x52 ./rt-thread/components/net/netdev/src/netdev.o
                0x0000000000004b84                netdev_low_level_set_gw
 .text.netdev_low_level_set_dns_server
                0x0000000000004bd6       0x50 ./rt-thread/components/net/netdev/src/netdev.o
                0x0000000000004bd6                netdev_low_level_set_dns_server
 .text.netdev_low_level_set_status
                0x0000000000004c26       0x3a ./rt-thread/components/net/netdev/src/netdev.o
                0x0000000000004c26                netdev_low_level_set_status
 .text.netdev_low_level_set_link_status
                0x0000000000004c60       0x4a ./rt-thread/components/net/netdev/src/netdev.o
                0x0000000000004c60                netdev_low_level_set_link_status
 .text.netdev_low_level_set_internet_status
                0x0000000000004caa       0x36 ./rt-thread/components/net/netdev/src/netdev.o
                0x0000000000004caa                netdev_low_level_set_internet_status
 .text.netdev_low_level_set_dhcp_status
                0x0000000000004ce0       0x36 ./rt-thread/components/net/netdev/src/netdev.o
                0x0000000000004ce0                netdev_low_level_set_dhcp_status
 .text.netdev_cmd_ping
                0x0000000000004d16      0x156 ./rt-thread/components/net/netdev/src/netdev.o
                0x0000000000004d16                netdev_cmd_ping
 .text.netdev_ping
                0x0000000000004e6c       0x2a ./rt-thread/components/net/netdev/src/netdev.o
                0x0000000000004e6c                netdev_ping
 .text.netdev_ip4addr_aton
                0x0000000000004e96      0x19e ./rt-thread/components/net/netdev/src/netdev_ipaddr.o
                0x0000000000004e96                netdev_ip4addr_aton
 .text.netdev_ip4addr_ntoa_r
                0x0000000000005034       0x9a ./rt-thread/components/net/netdev/src/netdev_ipaddr.o
                0x0000000000005034                netdev_ip4addr_ntoa_r
 .text.netdev_ip4addr_ntoa
                0x00000000000050ce       0x12 ./rt-thread/components/net/netdev/src/netdev_ipaddr.o
                0x00000000000050ce                netdev_ip4addr_ntoa
 .text.console_getchar_rx_ind
                0x00000000000050e0       0x42 ./rt-thread/components/net/at/src/at_cli.o
 .text.client_getchar_rx_ind
                0x0000000000005122       0x42 ./rt-thread/components/net/at/src/at_cli.o
 .text.at_client_entry
                0x0000000000005164       0x2e ./rt-thread/components/net/at/src/at_cli.o
 .text.client_cli_parser
                0x0000000000005192      0x1a6 ./rt-thread/components/net/at/src/at_cli.o
 .text.at_cli_init
                0x0000000000005338       0x64 ./rt-thread/components/net/at/src/at_cli.o
                0x0000000000005338                at_cli_init
 .text.at_cli_deinit
                0x000000000000539c       0x34 ./rt-thread/components/net/at/src/at_cli.o
                0x000000000000539c                at_cli_deinit
 .text.at       0x00000000000053d0       0x8e ./rt-thread/components/net/at/src/at_cli.o
 .text.at_client_getchar
                0x000000000000545e       0x3e ./rt-thread/components/net/at/src/at_client.o
 .text.at_client_rx_ind
                0x000000000000549c       0x20 ./rt-thread/components/net/at/src/at_client.o
 .text.get_urc_obj
                0x00000000000054bc       0x88 ./rt-thread/components/net/at/src/at_client.o
 .text.client_parser
                0x0000000000005544      0x1a0 ./rt-thread/components/net/at/src/at_client.o
 .text.at_create_resp
                0x00000000000056e4       0x8a ./rt-thread/components/net/at/src/at_client.o
                0x00000000000056e4                at_create_resp
 .text.at_delete_resp
                0x000000000000576e       0x1c ./rt-thread/components/net/at/src/at_client.o
                0x000000000000576e                at_delete_resp
 .text.at_resp_set_info
                0x000000000000578a       0x4a ./rt-thread/components/net/at/src/at_client.o
                0x000000000000578a                at_resp_set_info
 .text.at_resp_get_line
                0x00000000000057d4       0x60 ./rt-thread/components/net/at/src/at_client.o
                0x00000000000057d4                at_resp_get_line
 .text.at_resp_get_line_by_kw
                0x0000000000005834       0x4c ./rt-thread/components/net/at/src/at_client.o
                0x0000000000005834                at_resp_get_line_by_kw
 .text.at_resp_parse_line_args
                0x0000000000005880       0x70 ./rt-thread/components/net/at/src/at_client.o
                0x0000000000005880                at_resp_parse_line_args
 .text.at_resp_parse_line_args_by_kw
                0x00000000000058f0       0x70 ./rt-thread/components/net/at/src/at_client.o
                0x00000000000058f0                at_resp_parse_line_args_by_kw
 .text.at_obj_exec_cmd
                0x0000000000005960       0xfe ./rt-thread/components/net/at/src/at_client.o
                0x0000000000005960                at_obj_exec_cmd
 .text.at_client_obj_wait_connect
                0x0000000000005a5e       0xd6 ./rt-thread/components/net/at/src/at_client.o
                0x0000000000005a5e                at_client_obj_wait_connect
 .text.at_client_obj_send
                0x0000000000005b34       0x6c ./rt-thread/components/net/at/src/at_client.o
                0x0000000000005b34                at_client_obj_send
 .text.at_client_obj_recv
                0x0000000000005ba0       0xa2 ./rt-thread/components/net/at/src/at_client.o
                0x0000000000005ba0                at_client_obj_recv
 .text.at_obj_set_end_sign
                0x0000000000005c42       0x32 ./rt-thread/components/net/at/src/at_client.o
                0x0000000000005c42                at_obj_set_end_sign
 .text.at_obj_set_urc_table
                0x0000000000005c74       0xf4 ./rt-thread/components/net/at/src/at_client.o
                0x0000000000005c74                at_obj_set_urc_table
 .text.at_client_get
                0x0000000000005d68       0x36 ./rt-thread/components/net/at/src/at_client.o
                0x0000000000005d68                at_client_get
 .text.at_client_get_first
                0x0000000000005d9e        0xe ./rt-thread/components/net/at/src/at_client.o
                0x0000000000005d9e                at_client_get_first
 .text.at_client_init
                0x0000000000005dac      0x2ec ./rt-thread/components/net/at/src/at_client.o
                0x0000000000005dac                at_client_init
 .text.at_get_last_cmd
                0x0000000000006098        0xc ./rt-thread/components/net/at/src/at_utils.o
                0x0000000000006098                at_get_last_cmd
 .text.at_utils_send
                0x00000000000060a4        0xc ./rt-thread/components/net/at/src/at_utils.o
                0x00000000000060a4                at_utils_send
 .text.at_vprintfln
                0x00000000000060b0       0x52 ./rt-thread/components/net/at/src/at_utils.o
                0x00000000000060b0                at_vprintfln
 .text.at_do_event_changes
                0x0000000000006102       0x52 ./rt-thread/components/net/at/at_socket/at_socket.o
 .text.ipaddr_to_ipstr
                0x0000000000006154       0x26 ./rt-thread/components/net/at/at_socket/at_socket.o
 .text.alloc_socket_by_device
                0x000000000000617a      0x1c6 ./rt-thread/components/net/at/at_socket/at_socket.o
 .text.free_socket
                0x0000000000006340       0x84 ./rt-thread/components/net/at/at_socket/at_socket.o
 .text.ipstr_to_u32
                0x00000000000063c4       0x88 ./rt-thread/components/net/at/at_socket/at_socket.o
 .text.at_closed_notice_cb
                0x000000000000644c       0x50 ./rt-thread/components/net/at/at_socket/at_socket.o
 .text.at_recv_notice_cb
                0x000000000000649c       0xb8 ./rt-thread/components/net/at/at_socket/at_socket.o
 .text.at_recvpkt_node_delete.part.8
                0x0000000000006554       0x2e ./rt-thread/components/net/at/at_socket/at_socket.o
 .text.at_recvpkt_get
                0x0000000000006582       0x74 ./rt-thread/components/net/at/at_socket/at_socket.o
 .text.at_get_socket
                0x00000000000065f6       0x42 ./rt-thread/components/net/at/at_socket/at_socket.o
                0x00000000000065f6                at_get_socket
 .text.at_socket
                0x0000000000006638       0xd4 ./rt-thread/components/net/at/at_socket/at_socket.o
                0x0000000000006638                at_socket
 .text.at_closesocket
                0x000000000000670c       0x44 ./rt-thread/components/net/at/at_socket/at_socket.o
                0x000000000000670c                at_closesocket
 .text.at_shutdown
                0x0000000000006750       0x34 ./rt-thread/components/net/at/at_socket/at_socket.o
                0x0000000000006750                at_shutdown
 .text.at_bind  0x0000000000006784       0x50 ./rt-thread/components/net/at/at_socket/at_socket.o
                0x0000000000006784                at_bind
 .text.at_connect
                0x00000000000067d4       0x9e ./rt-thread/components/net/at/at_socket/at_socket.o
                0x00000000000067d4                at_connect
 .text.at_recvfrom
                0x0000000000006872      0x172 ./rt-thread/components/net/at/at_socket/at_socket.o
                0x0000000000006872                at_recvfrom
 .text.at_sendto
                0x00000000000069e4      0x120 ./rt-thread/components/net/at/at_socket/at_socket.o
                0x00000000000069e4                at_sendto
 .text.at_getsockopt
                0x0000000000006b04       0xc0 ./rt-thread/components/net/at/at_socket/at_socket.o
                0x0000000000006b04                at_getsockopt
 .text.at_setsockopt
                0x0000000000006bc4       0xd2 ./rt-thread/components/net/at/at_socket/at_socket.o
                0x0000000000006bc4                at_setsockopt
 .text.at_gethostbyname
                0x0000000000006c96       0xe2 ./rt-thread/components/net/at/at_socket/at_socket.o
                0x0000000000006c96                at_gethostbyname
 .text.at_getaddrinfo
                0x0000000000006d78      0x19c ./rt-thread/components/net/at/at_socket/at_socket.o
                0x0000000000006d78                at_getaddrinfo
 .text.at_freeaddrinfo
                0x0000000000006f14       0x16 ./rt-thread/components/net/at/at_socket/at_socket.o
                0x0000000000006f14                at_freeaddrinfo
 .text.libc_system_init
                0x0000000000006f2a       0x2c ./rt-thread/components/libc/compilers/newlib/libc.o
                0x0000000000006f2a                libc_system_init
 .text.libc_stdio_set_console
                0x0000000000006f56       0xa0 ./rt-thread/components/libc/compilers/newlib/stdio.o
                0x0000000000006f56                libc_stdio_set_console
 .text.libc_stdio_get_console
                0x0000000000006ff6       0x18 ./rt-thread/components/libc/compilers/newlib/stdio.o
                0x0000000000006ff6                libc_stdio_get_console
 .text.__errno  0x000000000000700e        0xc ./rt-thread/components/libc/compilers/newlib/syscalls.o
                0x000000000000700e                __errno
 .text._close_r
                0x000000000000701a        0xe ./rt-thread/components/libc/compilers/newlib/syscalls.o
                0x000000000000701a                _close_r
 .text._fstat_r
                0x0000000000007028        0xa ./rt-thread/components/libc/compilers/newlib/syscalls.o
                0x0000000000007028                _fstat_r
 .text._isatty_r
                0x0000000000007032        0x6 ./rt-thread/components/libc/compilers/newlib/syscalls.o
                0x0000000000007032                _isatty_r
 .text._lseek_r
                0x0000000000007038       0x12 ./rt-thread/components/libc/compilers/newlib/syscalls.o
                0x0000000000007038                _lseek_r
 .text._open_r  0x000000000000704a       0x12 ./rt-thread/components/libc/compilers/newlib/syscalls.o
                0x000000000000704a                _open_r
 .text._read_r  0x000000000000705c       0x12 ./rt-thread/components/libc/compilers/newlib/syscalls.o
                0x000000000000705c                _read_r
 .text._write_r
                0x000000000000706e       0x12 ./rt-thread/components/libc/compilers/newlib/syscalls.o
                0x000000000000706e                _write_r
 .text._malloc_r
                0x0000000000007080       0x16 ./rt-thread/components/libc/compilers/newlib/syscalls.o
                0x0000000000007080                _malloc_r
 .text._realloc_r
                0x0000000000007096       0x18 ./rt-thread/components/libc/compilers/newlib/syscalls.o
                0x0000000000007096                _realloc_r
 .text._free_r  0x00000000000070ae        0xe ./rt-thread/components/libc/compilers/newlib/syscalls.o
                0x00000000000070ae                _free_r
 .text.clock_time_system_init
                0x00000000000070bc       0x52 ./rt-thread/components/libc/compilers/common/time.o
 .text.rt_list_len
                0x000000000000710e       0x12 ./rt-thread/components/finsh/cmd.o
 .text.hello    0x0000000000007120       0x16 ./rt-thread/components/finsh/cmd.o
                0x0000000000007120                hello
 .text.clear    0x0000000000007136       0x16 ./rt-thread/components/finsh/cmd.o
 .text.show_wait_queue
                0x000000000000714c       0x36 ./rt-thread/components/finsh/cmd.o
 .text.version  0x0000000000007182        0xe ./rt-thread/components/finsh/cmd.o
                0x0000000000007182                version
 .text.list     0x0000000000007190       0x4a ./rt-thread/components/finsh/cmd.o
                0x0000000000007190                list
 .text.list_get_next
                0x00000000000071da       0x78 ./rt-thread/components/finsh/cmd.o
 .text.object_split.constprop.2
                0x0000000000007252       0x1c ./rt-thread/components/finsh/cmd.o
 .text.list_mailbox
                0x000000000000726e       0xf8 ./rt-thread/components/finsh/cmd.o
                0x000000000000726e                list_mailbox
 .text.list_device
                0x0000000000007366       0xc6 ./rt-thread/components/finsh/cmd.o
                0x0000000000007366                list_device
 .text.list_timer
                0x000000000000742c       0xd8 ./rt-thread/components/finsh/cmd.o
                0x000000000000742c                list_timer
 .text.list_thread
                0x0000000000007504      0x144 ./rt-thread/components/finsh/cmd.o
                0x0000000000007504                list_thread
 .text.list_mutex
                0x0000000000007648       0xbc ./rt-thread/components/finsh/cmd.o
                0x0000000000007648                list_mutex
 .text.list_event
                0x0000000000007704       0xe6 ./rt-thread/components/finsh/cmd.o
                0x0000000000007704                list_event
 .text.list_sem
                0x00000000000077ea       0xf0 ./rt-thread/components/finsh/cmd.o
                0x00000000000077ea                list_sem
 .text.list_msgqueue
                0x00000000000078da       0xf0 ./rt-thread/components/finsh/cmd.o
                0x00000000000078da                list_msgqueue
 .text.msh_help
                0x00000000000079ca       0x58 ./rt-thread/components/finsh/msh.o
                0x00000000000079ca                msh_help
 .text.cmd_ps   0x0000000000007a22        0xe ./rt-thread/components/finsh/msh.o
                0x0000000000007a22                cmd_ps
 .text.cmd_free
                0x0000000000007a30        0xe ./rt-thread/components/finsh/msh.o
                0x0000000000007a30                cmd_free
 .text.msh_is_used
                0x0000000000007a3e        0x4 ./rt-thread/components/finsh/msh.o
                0x0000000000007a3e                msh_is_used
 .text.msh_exec
                0x0000000000007a42      0x1b0 ./rt-thread/components/finsh/msh.o
                0x0000000000007a42                msh_exec
 .text.msh_auto_complete_path
                0x0000000000007bf2      0x182 ./rt-thread/components/finsh/msh.o
                0x0000000000007bf2                msh_auto_complete_path
 .text.msh_auto_complete
                0x0000000000007d74       0xc6 ./rt-thread/components/finsh/msh.o
                0x0000000000007d74                msh_auto_complete
 .text.cmd_ls   0x0000000000007e3a       0x20 ./rt-thread/components/finsh/msh_file.o
 .text.cmd_pwd  0x0000000000007e5a       0x1e ./rt-thread/components/finsh/msh_file.o
 .text.directory_delete_for_msh
                0x0000000000007e78      0x108 ./rt-thread/components/finsh/msh_file.o
 .text.cmd_rm   0x0000000000007f80      0x10a ./rt-thread/components/finsh/msh_file.o
 .text.cmd_mkfs
                0x000000000000808a       0x5a ./rt-thread/components/finsh/msh_file.o
 .text.cmd_umount
                0x00000000000080e4       0x50 ./rt-thread/components/finsh/msh_file.o
 .text.cmd_tail
                0x0000000000008134      0x132 ./rt-thread/components/finsh/msh_file.o
 .text.cmd_cp   0x0000000000008266       0x34 ./rt-thread/components/finsh/msh_file.o
 .text.cmd_mv   0x000000000000829a       0xdc ./rt-thread/components/finsh/msh_file.o
 .text.cmd_cat  0x0000000000008376       0x4a ./rt-thread/components/finsh/msh_file.o
 .text.cmd_cd   0x00000000000083c0       0x46 ./rt-thread/components/finsh/msh_file.o
 .text.cmd_mkdir
                0x0000000000008406       0x34 ./rt-thread/components/finsh/msh_file.o
 .text.cmd_mount
                0x000000000000843a       0xa8 ./rt-thread/components/finsh/msh_file.o
 .text.cmd_df   0x00000000000084e2       0x50 ./rt-thread/components/finsh/msh_file.o
 .text.cmd_echo
                0x0000000000008532       0x72 ./rt-thread/components/finsh/msh_file.o
 .text.msh_exec_script
                0x00000000000085a4      0x16e ./rt-thread/components/finsh/msh_file.o
                0x00000000000085a4                msh_exec_script
 .text.finsh_get_prompt
                0x0000000000008712       0x86 ./rt-thread/components/finsh/shell.o
                0x0000000000008712                finsh_get_prompt
 .text.shell_handle_history
                0x0000000000008798       0x2e ./rt-thread/components/finsh/shell.o
 .text.finsh_thread_entry
                0x00000000000087c6      0x3f0 ./rt-thread/components/finsh/shell.o
                0x00000000000087c6                finsh_thread_entry
 .text.finsh_set_prompt_mode
                0x0000000000008bb6       0x3c ./rt-thread/components/finsh/shell.o
                0x0000000000008bb6                finsh_set_prompt_mode
 .text.finsh_system_init
                0x0000000000008bf2       0xa0 ./rt-thread/components/finsh/shell.o
                0x0000000000008bf2                finsh_system_init
 .text.rt_completion_init
                0x0000000000008c92       0x34 ./rt-thread/components/drivers/src/completion.o
                0x0000000000008c92                rt_completion_init
 .text.rt_completion_wait
                0x0000000000008cc6       0xf2 ./rt-thread/components/drivers/src/completion.o
                0x0000000000008cc6                rt_completion_wait
 .text.rt_completion_done
                0x0000000000008db8       0x52 ./rt-thread/components/drivers/src/completion.o
                0x0000000000008db8                rt_completion_done
 .text.rt_poll_add
                0x0000000000008e0a       0x14 ./rt-thread/components/drivers/src/pipe.o
 .text.rt_pipe_control
                0x0000000000008e1e        0x4 ./rt-thread/components/drivers/src/pipe.o
                0x0000000000008e1e                rt_pipe_control
 .text.rt_pipe_open
                0x0000000000008e22       0x38 ./rt-thread/components/drivers/src/pipe.o
                0x0000000000008e22                rt_pipe_open
 .text.pipe_fops_open
                0x0000000000008e5a       0x74 ./rt-thread/components/drivers/src/pipe.o
 .text.rt_pipe_close
                0x0000000000008ece       0x36 ./rt-thread/components/drivers/src/pipe.o
                0x0000000000008ece                rt_pipe_close
 .text.pipe_fops_poll
                0x0000000000008f04       0x74 ./rt-thread/components/drivers/src/pipe.o
 .text.pipe_fops_ioctl
                0x0000000000008f78       0x38 ./rt-thread/components/drivers/src/pipe.o
 .text.pipe_fops_write
                0x0000000000008fb0       0xa4 ./rt-thread/components/drivers/src/pipe.o
 .text.pipe_fops_read
                0x0000000000009054       0x8c ./rt-thread/components/drivers/src/pipe.o
 .text.rt_pipe_read
                0x00000000000090e0       0x52 ./rt-thread/components/drivers/src/pipe.o
                0x00000000000090e0                rt_pipe_read
 .text.rt_pipe_write
                0x0000000000009132       0x52 ./rt-thread/components/drivers/src/pipe.o
                0x0000000000009132                rt_pipe_write
 .text.rt_pipe_create
                0x0000000000009184       0xce ./rt-thread/components/drivers/src/pipe.o
                0x0000000000009184                rt_pipe_create
 .text.rt_pipe_delete
                0x0000000000009252       0x44 ./rt-thread/components/drivers/src/pipe.o
                0x0000000000009252                rt_pipe_delete
 .text.pipe_fops_close
                0x0000000000009296       0x9c ./rt-thread/components/drivers/src/pipe.o
 .text.rt_ringbuffer_init
                0x0000000000009332       0x4c ./rt-thread/components/drivers/src/ringbuffer.o
                0x0000000000009332                rt_ringbuffer_init
 .text.rt_ringbuffer_data_len
                0x000000000000937e       0x38 ./rt-thread/components/drivers/src/ringbuffer.o
                0x000000000000937e                rt_ringbuffer_data_len
 .text.rt_ringbuffer_put
                0x00000000000093b6       0xb4 ./rt-thread/components/drivers/src/ringbuffer.o
                0x00000000000093b6                rt_ringbuffer_put
 .text.rt_ringbuffer_put_force
                0x000000000000946a      0x10a ./rt-thread/components/drivers/src/ringbuffer.o
                0x000000000000946a                rt_ringbuffer_put_force
 .text.rt_ringbuffer_get
                0x0000000000009574       0xcc ./rt-thread/components/drivers/src/ringbuffer.o
                0x0000000000009574                rt_ringbuffer_get
 .text.rt_ringbuffer_getchar
                0x0000000000009640       0x86 ./rt-thread/components/drivers/src/ringbuffer.o
                0x0000000000009640                rt_ringbuffer_getchar
 .text.rt_ringbuffer_create
                0x00000000000096c6       0x54 ./rt-thread/components/drivers/src/ringbuffer.o
                0x00000000000096c6                rt_ringbuffer_create
 .text.rt_ringbuffer_destroy
                0x000000000000971a       0x2e ./rt-thread/components/drivers/src/ringbuffer.o
                0x000000000000971a                rt_ringbuffer_destroy
 .text.__wqueue_default_wake
                0x0000000000009748        0x4 ./rt-thread/components/drivers/src/waitqueue.o
                0x0000000000009748                __wqueue_default_wake
 .text.rt_wqueue_add
                0x000000000000974c       0x2a ./rt-thread/components/drivers/src/waitqueue.o
                0x000000000000974c                rt_wqueue_add
 .text.rt_wqueue_remove
                0x0000000000009776       0x22 ./rt-thread/components/drivers/src/waitqueue.o
                0x0000000000009776                rt_wqueue_remove
 .text.rt_wqueue_wakeup
                0x0000000000009798       0x52 ./rt-thread/components/drivers/src/waitqueue.o
                0x0000000000009798                rt_wqueue_wakeup
 .text.rt_wqueue_wait
                0x00000000000097ea       0xd2 ./rt-thread/components/drivers/src/waitqueue.o
                0x00000000000097ea                rt_wqueue_wait
 .text.rt_list_remove
                0x00000000000098bc        0xe ./rt-thread/components/drivers/src/workqueue.o
 .text._workqueue_thread_entry
                0x00000000000098ca       0x84 ./rt-thread/components/drivers/src/workqueue.o
 .text._workqueue_submit_work
                0x000000000000994e       0xe8 ./rt-thread/components/drivers/src/workqueue.o
 .text._delayed_work_timeout_handler
                0x0000000000009a36       0x7e ./rt-thread/components/drivers/src/workqueue.o
 .text.rt_workqueue_create
                0x0000000000009ab4       0x66 ./rt-thread/components/drivers/src/workqueue.o
                0x0000000000009ab4                rt_workqueue_create
 .text.rt_work_sys_workqueue_init
                0x0000000000009b1a       0x40 ./rt-thread/components/drivers/src/workqueue.o
                0x0000000000009b1a                rt_work_sys_workqueue_init
 .text.rt_workqueue_submit_work
                0x0000000000009b5a       0x48 ./rt-thread/components/drivers/src/workqueue.o
                0x0000000000009b5a                rt_workqueue_submit_work
 .text.rt_delayed_work_init
                0x0000000000009ba2       0x12 ./rt-thread/components/drivers/src/workqueue.o
                0x0000000000009ba2                rt_delayed_work_init
 .text.rt_work_submit
                0x0000000000009bb4       0x14 ./rt-thread/components/drivers/src/workqueue.o
                0x0000000000009bb4                rt_work_submit
 .text.rt_serial_init
                0x0000000000009bc8       0x3a ./rt-thread/components/drivers/serial/serial.o
 .text.serial_fops_poll
                0x0000000000009c02       0x60 ./rt-thread/components/drivers/serial/serial.o
 .text.rt_serial_control
                0x0000000000009c62      0x108 ./rt-thread/components/drivers/serial/serial.o
 .text.serial_fops_write
                0x0000000000009d6a       0x14 ./rt-thread/components/drivers/serial/serial.o
 .text.serial_fops_read
                0x0000000000009d7e       0x3c ./rt-thread/components/drivers/serial/serial.o
 .text.serial_fops_ioctl
                0x0000000000009dba        0xe ./rt-thread/components/drivers/serial/serial.o
 .text.serial_fops_close
                0x0000000000009dc8       0x1a ./rt-thread/components/drivers/serial/serial.o
 .text.serial_fops_open
                0x0000000000009de2       0x86 ./rt-thread/components/drivers/serial/serial.o
 .text.serial_fops_rx_ind
                0x0000000000009e68       0x14 ./rt-thread/components/drivers/serial/serial.o
 .text.rt_serial_open
                0x0000000000009e7c      0x152 ./rt-thread/components/drivers/serial/serial.o
 .text.rt_serial_read
                0x0000000000009fce       0xdc ./rt-thread/components/drivers/serial/serial.o
 .text.rt_serial_write
                0x000000000000a0aa       0xc8 ./rt-thread/components/drivers/serial/serial.o
 .text.rt_serial_close
                0x000000000000a172       0xc2 ./rt-thread/components/drivers/serial/serial.o
 .text.rt_hw_serial_register
                0x000000000000a234       0x8e ./rt-thread/components/drivers/serial/serial.o
                0x000000000000a234                rt_hw_serial_register
 .text.rt_hw_serial_isr
                0x000000000000a2c2      0x108 ./rt-thread/components/drivers/serial/serial.o
                0x000000000000a2c2                rt_hw_serial_isr
 .text._pin_control
                0x000000000000a3ca       0x36 ./rt-thread/components/drivers/misc/pin.o
 .text.rt_pin_mode
                0x000000000000a400       0x3e ./rt-thread/components/drivers/misc/pin.o
                0x000000000000a400                rt_pin_mode
 .text.rt_pin_write
                0x000000000000a43e       0x3e ./rt-thread/components/drivers/misc/pin.o
                0x000000000000a43e                rt_pin_write
 .text.rt_pin_read
                0x000000000000a47c       0x3a ./rt-thread/components/drivers/misc/pin.o
                0x000000000000a47c                rt_pin_read
 .text.rt_pin_get
                0x000000000000a4b6       0x5a ./rt-thread/components/drivers/misc/pin.o
                0x000000000000a4b6                rt_pin_get
 .text._pin_write
                0x000000000000a510       0x46 ./rt-thread/components/drivers/misc/pin.o
 .text._pin_read
                0x000000000000a556       0x40 ./rt-thread/components/drivers/misc/pin.o
 .text.rt_device_pin_register
                0x000000000000a596       0x54 ./rt-thread/components/drivers/misc/pin.o
                0x000000000000a596                rt_device_pin_register
 .text.list_fd  0x000000000000a5ea      0x102 ./rt-thread/components/dfs/src/dfs.o
                0x000000000000a5ea                list_fd
 .text.dfs_init
                0x000000000000a6ec       0x9e ./rt-thread/components/dfs/src/dfs.o
                0x000000000000a6ec                dfs_init
 .text.dfs_lock
                0x000000000000a78a       0x30 ./rt-thread/components/dfs/src/dfs.o
                0x000000000000a78a                dfs_lock
 .text.dfs_unlock
                0x000000000000a7ba       0x10 ./rt-thread/components/dfs/src/dfs.o
                0x000000000000a7ba                dfs_unlock
 .text.fd_new   0x000000000000a7ca       0xe2 ./rt-thread/components/dfs/src/dfs.o
                0x000000000000a7ca                fd_new
 .text.fd_get   0x000000000000a8ac       0x5a ./rt-thread/components/dfs/src/dfs.o
                0x000000000000a8ac                fd_get
 .text.fd_put   0x000000000000a906       0x60 ./rt-thread/components/dfs/src/dfs.o
                0x000000000000a906                fd_put
 .text.dfs_subdir
                0x000000000000a966       0x34 ./rt-thread/components/dfs/src/dfs.o
                0x000000000000a966                dfs_subdir
 .text.dfs_normalize_path
                0x000000000000a99a      0x152 ./rt-thread/components/dfs/src/dfs.o
                0x000000000000a99a                dfs_normalize_path
 .text.fd_is_open
                0x000000000000aaec       0x92 ./rt-thread/components/dfs/src/dfs.o
                0x000000000000aaec                fd_is_open
 .text.dfs_file_open
                0x000000000000ab7e       0xcc ./rt-thread/components/dfs/src/dfs_file.o
                0x000000000000ab7e                dfs_file_open
 .text.dfs_file_close
                0x000000000000ac4a       0x2c ./rt-thread/components/dfs/src/dfs_file.o
                0x000000000000ac4a                dfs_file_close
 .text.dfs_file_read
                0x000000000000ac76       0x30 ./rt-thread/components/dfs/src/dfs_file.o
                0x000000000000ac76                dfs_file_read
 .text.cat      0x000000000000aca6       0x6e ./rt-thread/components/dfs/src/dfs_file.o
                0x000000000000aca6                cat
 .text.dfs_file_getdents
                0x000000000000ad14       0x28 ./rt-thread/components/dfs/src/dfs_file.o
                0x000000000000ad14                dfs_file_getdents
 .text.dfs_file_unlink
                0x000000000000ad3c       0x76 ./rt-thread/components/dfs/src/dfs_file.o
                0x000000000000ad3c                dfs_file_unlink
 .text.rm       0x000000000000adb2       0x24 ./rt-thread/components/dfs/src/dfs_file.o
                0x000000000000adb2                rm
 .text.dfs_file_write
                0x000000000000add6       0x1c ./rt-thread/components/dfs/src/dfs_file.o
                0x000000000000add6                dfs_file_write
 .text.copyfile
                0x000000000000adf2       0xb8 ./rt-thread/components/dfs/src/dfs_file.o
 .text.dfs_file_lseek
                0x000000000000aeaa       0x28 ./rt-thread/components/dfs/src/dfs_file.o
                0x000000000000aeaa                dfs_file_lseek
 .text.dfs_file_stat
                0x000000000000aed2       0xf2 ./rt-thread/components/dfs/src/dfs_file.o
                0x000000000000aed2                dfs_file_stat
 .text.ls       0x000000000000afc4       0xf2 ./rt-thread/components/dfs/src/dfs_file.o
                0x000000000000afc4                ls
 .text.copydir  0x000000000000b0b6      0x104 ./rt-thread/components/dfs/src/dfs_file.o
 .text.copy     0x000000000000b1ba       0xfe ./rt-thread/components/dfs/src/dfs_file.o
                0x000000000000b1ba                copy
 .text.dfs_file_rename
                0x000000000000b2b8       0x82 ./rt-thread/components/dfs/src/dfs_file.o
                0x000000000000b2b8                dfs_file_rename
 .text.dfs_register
                0x000000000000b33a       0x82 ./rt-thread/components/dfs/src/dfs_fs.o
                0x000000000000b33a                dfs_register
 .text.dfs_filesystem_lookup
                0x000000000000b3bc       0x88 ./rt-thread/components/dfs/src/dfs_fs.o
                0x000000000000b3bc                dfs_filesystem_lookup
 .text.dfs_mount
                0x000000000000b444      0x16a ./rt-thread/components/dfs/src/dfs_fs.o
                0x000000000000b444                dfs_mount
 .text.dfs_unmount
                0x000000000000b5ae       0x84 ./rt-thread/components/dfs/src/dfs_fs.o
                0x000000000000b5ae                dfs_unmount
 .text.dfs_mkfs
                0x000000000000b632       0xd8 ./rt-thread/components/dfs/src/dfs_fs.o
                0x000000000000b632                dfs_mkfs
 .text.mkfs     0x000000000000b70a        0xc ./rt-thread/components/dfs/src/dfs_fs.o
                0x000000000000b70a                mkfs
 .text.dfs_statfs
                0x000000000000b716       0x26 ./rt-thread/components/dfs/src/dfs_fs.o
                0x000000000000b716                dfs_statfs
 .text.df       0x000000000000b73c       0xc6 ./rt-thread/components/dfs/src/dfs_fs.o
                0x000000000000b73c                df
 .text.mkdir    0x000000000000b802       0x62 ./rt-thread/components/dfs/src/dfs_posix.o
                0x000000000000b802                mkdir
 .text.open     0x000000000000b864       0x68 ./rt-thread/components/dfs/src/dfs_posix.o
                0x000000000000b864                open
 .text.close    0x000000000000b8cc       0x36 ./rt-thread/components/dfs/src/dfs_posix.o
                0x000000000000b8cc                close
 .text.read     0x000000000000b902       0x40 ./rt-thread/components/dfs/src/dfs_posix.o
                0x000000000000b902                read
 .text.write    0x000000000000b942       0x40 ./rt-thread/components/dfs/src/dfs_posix.o
                0x000000000000b942                write
 .text.lseek    0x000000000000b982       0x66 ./rt-thread/components/dfs/src/dfs_posix.o
                0x000000000000b982                lseek
 .text.rename   0x000000000000b9e8       0x1a ./rt-thread/components/dfs/src/dfs_posix.o
                0x000000000000b9e8                rename
 .text.unlink   0x000000000000ba02       0x1a ./rt-thread/components/dfs/src/dfs_posix.o
                0x000000000000ba02                unlink
 .text.stat     0x000000000000ba1c       0x1a ./rt-thread/components/dfs/src/dfs_posix.o
                0x000000000000ba1c                stat
 .text.opendir  0x000000000000ba36       0x76 ./rt-thread/components/dfs/src/dfs_posix.o
                0x000000000000ba36                opendir
 .text.readdir  0x000000000000baac       0x6e ./rt-thread/components/dfs/src/dfs_posix.o
                0x000000000000baac                readdir
 .text.rewinddir
                0x000000000000bb1a       0x34 ./rt-thread/components/dfs/src/dfs_posix.o
                0x000000000000bb1a                rewinddir
 .text.closedir
                0x000000000000bb4e       0x3e ./rt-thread/components/dfs/src/dfs_posix.o
                0x000000000000bb4e                closedir
 .text.chdir    0x000000000000bb8c       0x86 ./rt-thread/components/dfs/src/dfs_posix.o
                0x000000000000bb8c                chdir
 .text.getcwd   0x000000000000bc12       0x2a ./rt-thread/components/dfs/src/dfs_posix.o
                0x000000000000bc12                getcwd
 .text._poll_add
                0x000000000000bc3c       0x46 ./rt-thread/components/dfs/src/poll.o
 .text.__wqueue_pollwake
                0x000000000000bc82       0x22 ./rt-thread/components/dfs/src/poll.o
 .text.poll     0x000000000000bca4      0x118 ./rt-thread/components/dfs/src/poll.o
                0x000000000000bca4                poll
 .text.fdszero  0x000000000000bdbc       0x24 ./rt-thread/components/dfs/src/select.o
 .text.select   0x000000000000bde0      0x1de ./rt-thread/components/dfs/src/select.o
                0x000000000000bde0                select
 .text.dfs_device_fs_mount
                0x000000000000bfbe        0x4 ./rt-thread/components/dfs/filesystems/devfs/devfs.o
                0x000000000000bfbe                dfs_device_fs_mount
 .text.dfs_device_fs_poll
                0x000000000000bfc2        0x4 ./rt-thread/components/dfs/filesystems/devfs/devfs.o
 .text.dfs_device_fs_ioctl
                0x000000000000bfc6       0x4a ./rt-thread/components/dfs/filesystems/devfs/devfs.o
                0x000000000000bfc6                dfs_device_fs_ioctl
 .text.dfs_device_fs_read
                0x000000000000c010       0x52 ./rt-thread/components/dfs/filesystems/devfs/devfs.o
                0x000000000000c010                dfs_device_fs_read
 .text.dfs_device_fs_write
                0x000000000000c062       0x52 ./rt-thread/components/dfs/filesystems/devfs/devfs.o
                0x000000000000c062                dfs_device_fs_write
 .text.dfs_device_fs_open
                0x000000000000c0b4       0xe4 ./rt-thread/components/dfs/filesystems/devfs/devfs.o
                0x000000000000c0b4                dfs_device_fs_open
 .text.dfs_device_fs_getdents
                0x000000000000c198       0x7c ./rt-thread/components/dfs/filesystems/devfs/devfs.o
                0x000000000000c198                dfs_device_fs_getdents
 .text.dfs_device_fs_close
                0x000000000000c214       0x76 ./rt-thread/components/dfs/filesystems/devfs/devfs.o
                0x000000000000c214                dfs_device_fs_close
 .text.dfs_device_fs_stat
                0x000000000000c28a       0x84 ./rt-thread/components/dfs/filesystems/devfs/devfs.o
                0x000000000000c28a                dfs_device_fs_stat
 .text.devfs_init
                0x000000000000c30e       0x14 ./rt-thread/components/dfs/filesystems/devfs/devfs.o
                0x000000000000c30e                devfs_init
 .text.mqtt_sub_default_callback
                0x000000000000c322       0x4c ./packages/pahomqtt-v1.1.0/samples/mqtt_sample.o
 .text.mqtt_sub_callback
                0x000000000000c36e       0x4c ./packages/pahomqtt-v1.1.0/samples/mqtt_sample.o
 .text.mqtt_offline_callback
                0x000000000000c3ba       0x2c ./packages/pahomqtt-v1.1.0/samples/mqtt_sample.o
 .text.mqtt_online_callback
                0x000000000000c3e6       0x2c ./packages/pahomqtt-v1.1.0/samples/mqtt_sample.o
 .text.mqtt_connect_callback
                0x000000000000c412       0x2c ./packages/pahomqtt-v1.1.0/samples/mqtt_sample.o
 .text.mqtt_new_sub_callback
                0x000000000000c43e       0x4c ./packages/pahomqtt-v1.1.0/samples/mqtt_sample.o
 .text.mqtt_start
                0x000000000000c48a      0x160 ./packages/pahomqtt-v1.1.0/samples/mqtt_sample.o
 .text.mqtt_stop
                0x000000000000c5ea       0x26 ./packages/pahomqtt-v1.1.0/samples/mqtt_sample.o
 .text.mqtt_publish.part.0
                0x000000000000c610       0x2e ./packages/pahomqtt-v1.1.0/samples/mqtt_sample.o
 .text.mqtt_publish
                0x000000000000c63e       0x4c ./packages/pahomqtt-v1.1.0/samples/mqtt_sample.o
 .text.mqtt_subscribe
                0x000000000000c68a       0x3e ./packages/pahomqtt-v1.1.0/samples/mqtt_sample.o
 .text.mqtt_unsubscribe
                0x000000000000c6c8       0x34 ./packages/pahomqtt-v1.1.0/samples/mqtt_sample.o
 .text.MQTTSerialize_connectLength
                0x000000000000c6fc       0x9c ./packages/pahomqtt-v1.1.0/MQTTPacket/src/MQTTConnectClient.o
                0x000000000000c6fc                MQTTSerialize_connectLength
 .text.MQTTSerialize_connect
                0x000000000000c798      0x128 ./packages/pahomqtt-v1.1.0/MQTTPacket/src/MQTTConnectClient.o
                0x000000000000c798                MQTTSerialize_connect
 .text.MQTTDeserialize_connack
                0x000000000000c8c0       0x4e ./packages/pahomqtt-v1.1.0/MQTTPacket/src/MQTTConnectClient.o
                0x000000000000c8c0                MQTTDeserialize_connack
 .text.MQTTSerialize_zero
                0x000000000000c90e       0x34 ./packages/pahomqtt-v1.1.0/MQTTPacket/src/MQTTConnectClient.o
                0x000000000000c90e                MQTTSerialize_zero
 .text.MQTTSerialize_disconnect
                0x000000000000c942        0xe ./packages/pahomqtt-v1.1.0/MQTTPacket/src/MQTTConnectClient.o
                0x000000000000c942                MQTTSerialize_disconnect
 .text.MQTTSerialize_pingreq
                0x000000000000c950        0xe ./packages/pahomqtt-v1.1.0/MQTTPacket/src/MQTTConnectClient.o
                0x000000000000c950                MQTTSerialize_pingreq
 .text.MQTTSerialize_connack_string
                0x000000000000c95e       0x20 ./packages/pahomqtt-v1.1.0/MQTTPacket/src/MQTTConnectClient.o
                0x000000000000c95e                MQTTSerialize_connack_string
 .text.MQTTDeserialize_publish
                0x000000000000c97e       0x92 ./packages/pahomqtt-v1.1.0/MQTTPacket/src/MQTTDeserializePublish.o
                0x000000000000c97e                MQTTDeserialize_publish
 .text.MQTTDeserialize_ack
                0x000000000000ca10       0x46 ./packages/pahomqtt-v1.1.0/MQTTPacket/src/MQTTDeserializePublish.o
                0x000000000000ca10                MQTTDeserialize_ack
 .text.bufchar  0x000000000000ca56       0x30 ./packages/pahomqtt-v1.1.0/MQTTPacket/src/MQTTPacket.o
                0x000000000000ca56                bufchar
 .text.MQTTPacket_encode
                0x000000000000ca86       0x34 ./packages/pahomqtt-v1.1.0/MQTTPacket/src/MQTTPacket.o
                0x000000000000ca86                MQTTPacket_encode
 .text.MQTTPacket_decode
                0x000000000000caba       0x4e ./packages/pahomqtt-v1.1.0/MQTTPacket/src/MQTTPacket.o
                0x000000000000caba                MQTTPacket_decode
 .text.MQTTPacket_len
                0x000000000000cb08       0x2e ./packages/pahomqtt-v1.1.0/MQTTPacket/src/MQTTPacket.o
                0x000000000000cb08                MQTTPacket_len
 .text.MQTTPacket_decodeBuf
                0x000000000000cb36       0x18 ./packages/pahomqtt-v1.1.0/MQTTPacket/src/MQTTPacket.o
                0x000000000000cb36                MQTTPacket_decodeBuf
 .text.readInt  0x000000000000cb4e       0x12 ./packages/pahomqtt-v1.1.0/MQTTPacket/src/MQTTPacket.o
                0x000000000000cb4e                readInt
 .text.readChar
                0x000000000000cb60        0xe ./packages/pahomqtt-v1.1.0/MQTTPacket/src/MQTTPacket.o
                0x000000000000cb60                readChar
 .text.writeChar
                0x000000000000cb6e        0xc ./packages/pahomqtt-v1.1.0/MQTTPacket/src/MQTTPacket.o
                0x000000000000cb6e                writeChar
 .text.writeInt
                0x000000000000cb7a       0x22 ./packages/pahomqtt-v1.1.0/MQTTPacket/src/MQTTPacket.o
                0x000000000000cb7a                writeInt
 .text.writeCString
                0x000000000000cb9c       0x2c ./packages/pahomqtt-v1.1.0/MQTTPacket/src/MQTTPacket.o
                0x000000000000cb9c                writeCString
 .text.writeMQTTString
                0x000000000000cbc8       0x40 ./packages/pahomqtt-v1.1.0/MQTTPacket/src/MQTTPacket.o
                0x000000000000cbc8                writeMQTTString
 .text.readMQTTLenString
                0x000000000000cc08       0x40 ./packages/pahomqtt-v1.1.0/MQTTPacket/src/MQTTPacket.o
                0x000000000000cc08                readMQTTLenString
 .text.MQTTstrlen
                0x000000000000cc48       0x16 ./packages/pahomqtt-v1.1.0/MQTTPacket/src/MQTTPacket.o
                0x000000000000cc48                MQTTstrlen
 .text.MQTTPacket_equals
                0x000000000000cc5e       0x42 ./packages/pahomqtt-v1.1.0/MQTTPacket/src/MQTTPacket.o
                0x000000000000cc5e                MQTTPacket_equals
 .text.MQTTSerialize_publishLength
                0x000000000000cca0       0x28 ./packages/pahomqtt-v1.1.0/MQTTPacket/src/MQTTSerializePublish.o
                0x000000000000cca0                MQTTSerialize_publishLength
 .text.MQTTSerialize_publish
                0x000000000000ccc8       0x9c ./packages/pahomqtt-v1.1.0/MQTTPacket/src/MQTTSerializePublish.o
                0x000000000000ccc8                MQTTSerialize_publish
 .text.MQTTSerialize_ack
                0x000000000000cd64       0x5c ./packages/pahomqtt-v1.1.0/MQTTPacket/src/MQTTSerializePublish.o
                0x000000000000cd64                MQTTSerialize_ack
 .text.MQTTSerialize_subscribeLength
                0x000000000000cdc0       0x38 ./packages/pahomqtt-v1.1.0/MQTTPacket/src/MQTTSubscribeClient.o
                0x000000000000cdc0                MQTTSerialize_subscribeLength
 .text.MQTTSerialize_subscribe
                0x000000000000cdf8       0x94 ./packages/pahomqtt-v1.1.0/MQTTPacket/src/MQTTSubscribeClient.o
                0x000000000000cdf8                MQTTSerialize_subscribe
 .text.MQTTDeserialize_suback
                0x000000000000ce8c       0x7a ./packages/pahomqtt-v1.1.0/MQTTPacket/src/MQTTSubscribeClient.o
                0x000000000000ce8c                MQTTDeserialize_suback
 .text.MQTTSerialize_unsubscribeLength
                0x000000000000cf06       0x38 ./packages/pahomqtt-v1.1.0/MQTTPacket/src/MQTTUnsubscribeClient.o
                0x000000000000cf06                MQTTSerialize_unsubscribeLength
 .text.MQTTSerialize_unsubscribe
                0x000000000000cf3e       0x82 ./packages/pahomqtt-v1.1.0/MQTTPacket/src/MQTTUnsubscribeClient.o
                0x000000000000cf3e                MQTTSerialize_unsubscribe
 .text.MQTTDeserialize_unsuback
                0x000000000000cfc0       0x30 ./packages/pahomqtt-v1.1.0/MQTTPacket/src/MQTTUnsubscribeClient.o
                0x000000000000cfc0                MQTTDeserialize_unsuback
 .text.sendPacket
                0x000000000000cff0       0x46 ./packages/pahomqtt-v1.1.0/MQTTClient-RT/paho_mqtt_pipe.o
 .text.MQTTDisconnect
                0x000000000000d036       0x26 ./packages/pahomqtt-v1.1.0/MQTTClient-RT/paho_mqtt_pipe.o
 .text.net_read.isra.4
                0x000000000000d05c       0xf0 ./packages/pahomqtt-v1.1.0/MQTTClient-RT/paho_mqtt_pipe.o
 .text.MQTTPacket_readPacket
                0x000000000000d14c       0x8a ./packages/pahomqtt-v1.1.0/MQTTClient-RT/paho_mqtt_pipe.o
 .text.paho_mqtt_thread
                0x000000000000d1d6      0xbba ./packages/pahomqtt-v1.1.0/MQTTClient-RT/paho_mqtt_pipe.o
 .text.MQTT_CMD
                0x000000000000dd90       0x7e ./packages/pahomqtt-v1.1.0/MQTTClient-RT/paho_mqtt_pipe.o
                0x000000000000dd90                MQTT_CMD
 .text.MQTTPublish
                0x000000000000de0e       0x88 ./packages/pahomqtt-v1.1.0/MQTTClient-RT/paho_mqtt_pipe.o
                0x000000000000de0e                MQTTPublish
 .text.paho_mqtt_start
                0x000000000000de96       0xaa ./packages/pahomqtt-v1.1.0/MQTTClient-RT/paho_mqtt_pipe.o
                0x000000000000de96                paho_mqtt_start
 .text.paho_mqtt_stop
                0x000000000000df40       0x14 ./packages/pahomqtt-v1.1.0/MQTTClient-RT/paho_mqtt_pipe.o
                0x000000000000df40                paho_mqtt_stop
 .text.paho_mqtt_subscribe
                0x000000000000df54      0x1d4 ./packages/pahomqtt-v1.1.0/MQTTClient-RT/paho_mqtt_pipe.o
                0x000000000000df54                paho_mqtt_subscribe
 .text.paho_mqtt_unsubscribe
                0x000000000000e128      0x170 ./packages/pahomqtt-v1.1.0/MQTTClient-RT/paho_mqtt_pipe.o
                0x000000000000e128                paho_mqtt_unsubscribe
 .text.paho_mqtt_publish
                0x000000000000e298       0x5e ./packages/pahomqtt-v1.1.0/MQTTClient-RT/paho_mqtt_pipe.o
                0x000000000000e298                paho_mqtt_publish
 .text.Button_Attach
                0x000000000000e2f6       0x20 ./packages/button-v1.0.1/button.o
                0x000000000000e2f6                Button_Attach
 .text.Button_Cycle_Process
                0x000000000000e316      0x166 ./packages/button-v1.0.1/button.o
                0x000000000000e316                Button_Cycle_Process
 .text.Button_Process
                0x000000000000e47c       0x18 ./packages/button-v1.0.1/button.o
                0x000000000000e47c                Button_Process
 .text.Search_Button
                0x000000000000e494        0xc ./packages/button-v1.0.1/button.o
                0x000000000000e494                Search_Button
 .text.Button_Create
                0x000000000000e4a0       0xaa ./packages/button-v1.0.1/button.o
                0x000000000000e4a0                Button_Create
 .text.at_device_get_first_initialized
                0x000000000000e54a       0x34 ./packages/at_device-latest/src/at_device.o
                0x000000000000e54a                at_device_get_first_initialized
 .text.at_device_get_by_name
                0x000000000000e57e       0x86 ./packages/at_device-latest/src/at_device.o
                0x000000000000e57e                at_device_get_by_name
 .text.at_device_get_by_ipaddr
                0x000000000000e604       0x38 ./packages/at_device-latest/src/at_device.o
                0x000000000000e604                at_device_get_by_ipaddr
 .text.at_device_class_register
                0x000000000000e63c       0x4a ./packages/at_device-latest/src/at_device.o
                0x000000000000e63c                at_device_class_register
 .text.at_device_register
                0x000000000000e686      0x180 ./packages/at_device-latest/src/at_device.o
                0x000000000000e686                at_device_register
 .text.esp8266_device_register
                0x000000000000e806       0x20 ./packages/at_device-latest/samples/at_sample_esp8266.o
 .text.urc_busy_p_func
                0x000000000000e826        0x2 ./packages/at_device-latest/class/esp8266/at_device_esp8266.o
 .text.esp8266_netdev_netstat
                0x000000000000e828      0x14c ./packages/at_device-latest/class/esp8266/at_device_esp8266.o
                0x000000000000e828                esp8266_netdev_netstat
 .text.esp8266_netdev_set_down
                0x000000000000e974       0x5a ./packages/at_device-latest/class/esp8266/at_device_esp8266.o
 .text.esp8266_deinit
                0x000000000000e9ce        0xe ./packages/at_device-latest/class/esp8266/at_device_esp8266.o
 .text.esp8266_netdev_start_delay_work
                0x000000000000e9dc       0x38 ./packages/at_device-latest/class/esp8266/at_device_esp8266.o
 .text.esp8266_init_thread_entry
                0x000000000000ea14      0x224 ./packages/at_device-latest/class/esp8266/at_device_esp8266.o
 .text.esp8266_control
                0x000000000000ec38      0x17a ./packages/at_device-latest/class/esp8266/at_device_esp8266.o
 .text.esp8266_netdev_set_up
                0x000000000000edb2       0x56 ./packages/at_device-latest/class/esp8266/at_device_esp8266.o
 .text.esp8266_netdev_ping
                0x000000000000ee08      0x166 ./packages/at_device-latest/class/esp8266/at_device_esp8266.o
 .text.esp8266_netdev_set_dns_server
                0x000000000000ef6e      0x118 ./packages/at_device-latest/class/esp8266/at_device_esp8266.o
 .text.esp8266_get_netdev_info
                0x000000000000f086      0x334 ./packages/at_device-latest/class/esp8266/at_device_esp8266.o
 .text.esp8266_netdev_set_dhcp
                0x000000000000f3ba       0xf6 ./packages/at_device-latest/class/esp8266/at_device_esp8266.o
 .text.urc_func
                0x000000000000f4b0       0xe8 ./packages/at_device-latest/class/esp8266/at_device_esp8266.o
 .text.esp8266_init
                0x000000000000f598      0x102 ./packages/at_device-latest/class/esp8266/at_device_esp8266.o
 .text.esp8266_netdev_set_addr_info
                0x000000000000f69a      0x196 ./packages/at_device-latest/class/esp8266/at_device_esp8266.o
 .text.esp8266_device_class_register
                0x000000000000f830       0x50 ./packages/at_device-latest/class/esp8266/at_device_esp8266.o
 .text.urc_busy_s_func
                0x000000000000f880        0x2 ./packages/at_device-latest/class/esp8266/at_device_esp8266.o
 .text.esp8266_socket_set_event_cb
                0x000000000000f882       0x14 ./packages/at_device-latest/class/esp8266/at_socket_esp8266.o
 .text.urc_close_func
                0x000000000000f896       0x8e ./packages/at_device-latest/class/esp8266/at_socket_esp8266.o
 .text.urc_send_bfsz_func
                0x000000000000f924       0x36 ./packages/at_device-latest/class/esp8266/at_socket_esp8266.o
 .text.urc_recv_func
                0x000000000000f95a      0x13e ./packages/at_device-latest/class/esp8266/at_socket_esp8266.o
 .text.esp8266_domain_resolve
                0x000000000000fa98      0x122 ./packages/at_device-latest/class/esp8266/at_socket_esp8266.o
 .text.esp8266_socket_close
                0x000000000000fbba       0x6e ./packages/at_device-latest/class/esp8266/at_socket_esp8266.o
 .text.esp8266_socket_connect
                0x000000000000fc28      0x114 ./packages/at_device-latest/class/esp8266/at_socket_esp8266.o
 .text.urc_send_func
                0x000000000000fd3c       0x9a ./packages/at_device-latest/class/esp8266/at_socket_esp8266.o
 .text.esp8266_socket_send
                0x000000000000fdd6      0x1ca ./packages/at_device-latest/class/esp8266/at_socket_esp8266.o
 .text.esp8266_socket_init
                0x000000000000ffa0       0x32 ./packages/at_device-latest/class/esp8266/at_socket_esp8266.o
                0x000000000000ffa0                esp8266_socket_init
 .text.esp8266_socket_class_register
                0x000000000000ffd2       0x30 ./packages/at_device-latest/class/esp8266/at_socket_esp8266.o
                0x000000000000ffd2                esp8266_socket_class_register
 .text.EXTI_Init
                0x0000000000010002       0x6a ./libraries/hal_libraries/ch32v307_hal/source/ch32v30x_exti.o
                0x0000000000010002                EXTI_Init
 .text.EXTI_GetITStatus
                0x000000000001006c       0x1e ./libraries/hal_libraries/ch32v307_hal/source/ch32v30x_exti.o
                0x000000000001006c                EXTI_GetITStatus
 .text.EXTI_ClearITPendingBit
                0x000000000001008a        0xa ./libraries/hal_libraries/ch32v307_hal/source/ch32v30x_exti.o
                0x000000000001008a                EXTI_ClearITPendingBit
 .text.GPIO_Init
                0x0000000000010094       0xc0 ./libraries/hal_libraries/ch32v307_hal/source/ch32v30x_gpio.o
                0x0000000000010094                GPIO_Init
 .text.GPIO_ReadInputDataBit